../Drivers/Application_Drivers/GSM_4G/GSM.c:143:6:GSM_init	8	static
../Drivers/Application_Drivers/GSM_4G/GSM.c:155:6:module_reboot	8	static
../Drivers/Application_Drivers/GSM_4G/GSM.c:171:6:GSM_rx_Handler	16	static
../Drivers/Application_Drivers/GSM_4G/GSM.c:180:6:GSM_send_data	24	static
../Drivers/Application_Drivers/GSM_4G/GSM.c:194:6:TCP_4G_encode	688	static
../Drivers/Application_Drivers/GSM_4G/GSM.c:445:7:TCP_4G_decode	8	static
../Drivers/Application_Drivers/GSM_4G/GSM.c:816:6:GSM_configuration	8	static
../Drivers/Application_Drivers/GSM_4G/GSM.c:838:9:check_reponse_in_recbuf	32	static
../Drivers/Application_Drivers/GSM_4G/GSM.c:880:6:GSM_clear_existed_response	24	static
../Drivers/Application_Drivers/GSM_4G/GSM.c:898:9:GSM_find_connect_id	16	static
../Drivers/Application_Drivers/GSM_4G/GSM.c:935:10:GSM_get_received_data_length	16	static
../Drivers/Application_Drivers/GSM_4G/GSM.c:966:6:GSM_parameters_reset	16	static
../Drivers/Application_Drivers/GSM_4G/GSM.c:992:9:insert_str_in_str	88	static
../Drivers/Application_Drivers/GSM_4G/GSM.c:1021:6:insert_number2str	88	static
../Drivers/Application_Drivers/GSM_4G/GSM.c:1064:6:TCP_send_4G	104	static
../Drivers/Application_Drivers/GSM_4G/GSM.c:1084:9:GSM_get_state_connected_ID	16	static
../Drivers/Application_Drivers/GSM_4G/GSM.c:1122:9:GSM_get_state_service_type	16	static
../Drivers/Application_Drivers/GSM_4G/GSM.c:1190:6:GSM_get_state_IP	24	static
../Drivers/Application_Drivers/GSM_4G/GSM.c:1223:10:GSM_get_number_32Bit	16	static
../Drivers/Application_Drivers/GSM_4G/GSM.c:1262:9:GSM_get_at_port	16	static
../Drivers/Application_Drivers/GSM_4G/GSM.c:1300:6:GSM_get_socket_status	24	static
../Drivers/Application_Drivers/GSM_4G/GSM.c:1334:6:GSM_reset_receive_buffer	16	static
../Drivers/Application_Drivers/GSM_4G/GSM.c:1348:6:GSM_send_tampers	40	static
../Drivers/Application_Drivers/GSM_4G/GSM.c:1421:6:GSM_disconnection_timeout	8	static
../Drivers/Application_Drivers/GSM_4G/GSM.c:1434:6:GSM_request_status	8	static
../Drivers/Application_Drivers/GSM_4G/GSM.c:1448:6:GSM_send_Ack	16	static
../Drivers/Application_Drivers/GSM_4G/GSM.c:1461:6:GSM_enable_remote_server_check	8	static
