../Drivers/Application_Drivers/Dlms_Interface/Srcs/apdu.c:118:5:apdu_generateApplicationContextName	32	static
../Drivers/Application_Drivers/Dlms_Interface/Srcs/apdu.c:218:15:useDedicatedKey	16	static
../Drivers/Application_Drivers/Dlms_Interface/Srcs/apdu.c:233:5:apdu_getConformanceFromArray	40	static
../Drivers/Application_Drivers/Dlms_Interface/Srcs/apdu.c:258:5:apdu_setConformanceToArray	24	static
../Drivers/Application_Drivers/Dlms_Interface/Srcs/apdu.c:281:5:apdu_getInitiateRequest	24	static
../Drivers/Application_Drivers/Dlms_Interface/Srcs/apdu.c:447:5:apdu_parseUserInformation	96	static
../Drivers/Application_Drivers/Dlms_Interface/Srcs/apdu.c:790:5:apdu_parseApplicationContextName	32	static
../Drivers/Application_Drivers/Dlms_Interface/Srcs/apdu.c:903:5:apdu_validateAare	24	static
../Drivers/Application_Drivers/Dlms_Interface/Srcs/apdu.c:934:5:apdu_updatePassword	32	static
../Drivers/Application_Drivers/Dlms_Interface/Srcs/apdu.c:981:5:apdu_updateAuthentication	24	static
../Drivers/Application_Drivers/Dlms_Interface/Srcs/apdu.c:1070:5:apdu_getUserInformation	56	static
../Drivers/Application_Drivers/Dlms_Interface/Srcs/apdu.c:1183:5:apdu_handleResultComponent	24	static
../Drivers/Application_Drivers/Dlms_Interface/Srcs/apdu.c:1211:5:apdu_parseProtocolVersion	24	static
../Drivers/Application_Drivers/Dlms_Interface/Srcs/apdu.c:1242:5:apdu_parsePDU	56	static
../Drivers/Application_Drivers/Dlms_Interface/Srcs/apdu.c:1926:5:apdu_generateAARE	264	static
