../Drivers/Application_Drivers/Dlms_Interface/Srcs/converters.c:61:5:obj_typeToString	24	static
../Drivers/Application_Drivers/Dlms_Interface/Srcs/converters.c:75:5:obj_UInt16ArrayToString	40	static
../Drivers/Application_Drivers/Dlms_Interface/Srcs/converters.c:103:13:obj_typeToString2	24	static
../Drivers/Application_Drivers/Dlms_Interface/Srcs/converters.c:352:13:obj_getUnitAsString	24	static
../Drivers/Application_Drivers/Dlms_Interface/Srcs/converters.c:711:5:obj_DataToString	40	static
../Drivers/Application_Drivers/Dlms_Interface/Srcs/converters.c:725:5:obj_RegisterToString	40	static
../Drivers/Application_Drivers/Dlms_Interface/Srcs/converters.c:743:5:obj_clockToString	40	static
../Drivers/Application_Drivers/Dlms_Interface/Srcs/converters.c:783:5:obj_ScriptTableToString	56	static
../Drivers/Application_Drivers/Dlms_Interface/Srcs/converters.c:854:5:obj_specialDaysTableToString	48	static
../Drivers/Application_Drivers/Dlms_Interface/Srcs/converters.c:916:5:obj_mBusMasterPortSetupToString	40	static
../Drivers/Application_Drivers/Dlms_Interface/Srcs/converters.c:929:5:obj_timeWindowToString	40	static
../Drivers/Application_Drivers/Dlms_Interface/Srcs/converters.c:954:5:obj_CaptureObjectsToString	40	static
../Drivers/Application_Drivers/Dlms_Interface/Srcs/converters.c:993:5:obj_pushSetupToString	40	static
../Drivers/Application_Drivers/Dlms_Interface/Srcs/converters.c:1021:5:obj_autoConnectToString	56	static
../Drivers/Application_Drivers/Dlms_Interface/Srcs/converters.c:1072:5:obj_seasonProfileToString	32	static
../Drivers/Application_Drivers/Dlms_Interface/Srcs/converters.c:1100:5:obj_weekProfileToString	32	static
../Drivers/Application_Drivers/Dlms_Interface/Srcs/converters.c:1137:5:obj_dayProfileToString	32	static
../Drivers/Application_Drivers/Dlms_Interface/Srcs/converters.c:1191:5:obj_activityCalendarToString	40	static
../Drivers/Application_Drivers/Dlms_Interface/Srcs/converters.c:1223:5:obj_securitySetupToString	40	static
../Drivers/Application_Drivers/Dlms_Interface/Srcs/converters.c:1242:5:obj_hdlcSetupToString	40	static
../Drivers/Application_Drivers/Dlms_Interface/Srcs/converters.c:1269:5:obj_localPortSetupToString	40	static
../Drivers/Application_Drivers/Dlms_Interface/Srcs/converters.c:1297:5:obj_IecTwistedPairSetupToString	48	static
../Drivers/Application_Drivers/Dlms_Interface/Srcs/converters.c:1350:5:obj_demandRegisterToString	40	static
../Drivers/Application_Drivers/Dlms_Interface/Srcs/converters.c:1382:5:obj_registerActivationToString	56	static
../Drivers/Application_Drivers/Dlms_Interface/Srcs/converters.c:1460:6:actionItemToString	16	static
../Drivers/Application_Drivers/Dlms_Interface/Srcs/converters.c:1477:5:obj_registerMonitorToString	56	static
../Drivers/Application_Drivers/Dlms_Interface/Srcs/converters.c:1547:5:obj_actionScheduleToString	48	static
../Drivers/Application_Drivers/Dlms_Interface/Srcs/converters.c:1601:5:obj_sapAssignmentToString	48	static
../Drivers/Application_Drivers/Dlms_Interface/Srcs/converters.c:1631:5:obj_autoAnswerToString	40	static
../Drivers/Application_Drivers/Dlms_Interface/Srcs/converters.c:1657:5:obj_ip4SetupToString	56	static
../Drivers/Application_Drivers/Dlms_Interface/Srcs/converters.c:1856:5:obj_UtilityTablesToString	40	static
../Drivers/Application_Drivers/Dlms_Interface/Srcs/converters.c:1874:5:obj_mbusSlavePortSetupToString	40	static
../Drivers/Application_Drivers/Dlms_Interface/Srcs/converters.c:1893:5:obj_imageTransferToString	48	static
../Drivers/Application_Drivers/Dlms_Interface/Srcs/converters.c:1935:5:obj_disconnectControlToString	40	static
../Drivers/Application_Drivers/Dlms_Interface/Srcs/converters.c:1952:5:obj_limiterToString	40	static
../Drivers/Application_Drivers/Dlms_Interface/Srcs/converters.c:2019:5:obj_mBusClientToString	40	static
../Drivers/Application_Drivers/Dlms_Interface/Srcs/converters.c:2063:5:obj_modemConfigurationToString	56	static
../Drivers/Application_Drivers/Dlms_Interface/Srcs/converters.c:2111:5:obj_macAddressSetupToString	40	static
../Drivers/Application_Drivers/Dlms_Interface/Srcs/converters.c:2125:6:qualityOfServiceToString	16	static
../Drivers/Application_Drivers/Dlms_Interface/Srcs/converters.c:2139:5:obj_GPRSSetupToString	40	static
../Drivers/Application_Drivers/Dlms_Interface/Srcs/converters.c:2158:5:obj_extendedRegisterToString	40	static
../Drivers/Application_Drivers/Dlms_Interface/Srcs/converters.c:2188:5:obj_objectsToString	32	static
../Drivers/Application_Drivers/Dlms_Interface/Srcs/converters.c:2214:5:obj_rowsToString	32	static
../Drivers/Application_Drivers/Dlms_Interface/Srcs/converters.c:2250:6:obj_applicationContextNameToString	16	static
../Drivers/Application_Drivers/Dlms_Interface/Srcs/converters.c:2269:6:obj_xDLMSContextTypeToString	16	static
../Drivers/Application_Drivers/Dlms_Interface/Srcs/converters.c:2282:6:obj_authenticationMechanismNameToString	16	static
../Drivers/Application_Drivers/Dlms_Interface/Srcs/converters.c:2298:5:obj_associationLogicalNameToString	48	static
../Drivers/Application_Drivers/Dlms_Interface/Srcs/converters.c:2358:5:obj_associationShortNameToString	40	static
../Drivers/Application_Drivers/Dlms_Interface/Srcs/converters.c:2382:5:obj_pppSetupToString	40	static
../Drivers/Application_Drivers/Dlms_Interface/Srcs/converters.c:2414:5:obj_ProfileGenericToString	40	static
../Drivers/Application_Drivers/Dlms_Interface/Srcs/converters.c:2447:5:obj_appendReferences	40	static
../Drivers/Application_Drivers/Dlms_Interface/Srcs/converters.c:2466:5:obj_accountToString	40	static
../Drivers/Application_Drivers/Dlms_Interface/Srcs/converters.c:2521:5:obj_creditToString	40	static
../Drivers/Application_Drivers/Dlms_Interface/Srcs/converters.c:2552:5:obj_chargeToString	40	static
../Drivers/Application_Drivers/Dlms_Interface/Srcs/converters.c:2588:5:obj_tokenGatewayToString	40	static
../Drivers/Application_Drivers/Dlms_Interface/Srcs/converters.c:2612:5:obj_GsmDiagnosticToString	48	static
../Drivers/Application_Drivers/Dlms_Interface/Srcs/converters.c:2669:5:obj_CompactDataToString	40	static
../Drivers/Application_Drivers/Dlms_Interface/Srcs/converters.c:2695:5:obj_LlcSscsSetupToString	40	static
../Drivers/Application_Drivers/Dlms_Interface/Srcs/converters.c:2712:5:obj_PrimeNbOfdmPlcPhysicalLayerCountersToString	16	static
../Drivers/Application_Drivers/Dlms_Interface/Srcs/converters.c:2718:6:obj_PrimeNbOfdmPlcMacSetupToString	16	static
../Drivers/Application_Drivers/Dlms_Interface/Srcs/converters.c:2724:6:obj_PrimeNbOfdmPlcMacFunctionalParametersToString	16	static
../Drivers/Application_Drivers/Dlms_Interface/Srcs/converters.c:2730:6:obj_PrimeNbOfdmPlcMacCountersToString	16	static
../Drivers/Application_Drivers/Dlms_Interface/Srcs/converters.c:2736:6:obj_PrimeNbOfdmPlcMacNetworkAdministrationDataToString	16	static
../Drivers/Application_Drivers/Dlms_Interface/Srcs/converters.c:2742:6:obj_PrimeNbOfdmPlcApplicationsIdentificationToString	16	static
../Drivers/Application_Drivers/Dlms_Interface/Srcs/converters.c:2749:5:obj_scheduleToString	16	static
../Drivers/Application_Drivers/Dlms_Interface/Srcs/converters.c:2757:5:obj_ParameterMonitorToString	16	static
../Drivers/Application_Drivers/Dlms_Interface/Srcs/converters.c:2764:5:obj_ArbitratorToString	56	static
../Drivers/Application_Drivers/Dlms_Interface/Srcs/converters.c:2810:5:obj_Iec8802LlcType1SetupToString	40	static
../Drivers/Application_Drivers/Dlms_Interface/Srcs/converters.c:2825:5:obj_Iec8802LlcType2SetupToString	40	static
../Drivers/Application_Drivers/Dlms_Interface/Srcs/converters.c:2854:5:obj_Iec8802LlcType3SetupToString	40	static
../Drivers/Application_Drivers/Dlms_Interface/Srcs/converters.c:2877:5:obj_SFSKActiveInitiatorToString	40	static
../Drivers/Application_Drivers/Dlms_Interface/Srcs/converters.c:2898:5:obj_getArrayAsString	40	static
../Drivers/Application_Drivers/Dlms_Interface/Srcs/converters.c:2920:5:obj_FSKMacCountersToString	40	static
../Drivers/Application_Drivers/Dlms_Interface/Srcs/converters.c:2955:5:obj_SFSKMacSynchronizationTimeoutsToString	40	static
../Drivers/Application_Drivers/Dlms_Interface/Srcs/converters.c:2977:5:obj_SFSKPhyMacSetUpToString	40	static
../Drivers/Application_Drivers/Dlms_Interface/Srcs/converters.c:3020:5:obj_SFSKReportingSystemListToString	48	static
../Drivers/Application_Drivers/Dlms_Interface/Srcs/converters.c:3072:5:obj_toString	24	static
../Drivers/Application_Drivers/Dlms_Interface/Srcs/converters.c:3452:13:err_toString	16	static
