../Drivers/Application_Drivers/Dlms_Interface/Srcs/gxsetmalloc.c:55:5:cosem_setData	24	static
../Drivers/Application_Drivers/Dlms_Interface/Srcs/gxsetmalloc.c:71:5:cosem_setRegister	32	static
../Drivers/Application_Drivers/Dlms_Interface/Srcs/gxsetmalloc.c:108:5:cosem_setRegistertable	40	static
../Drivers/Application_Drivers/Dlms_Interface/Srcs/gxsetmalloc.c:164:5:cosem_setClock	56	static
../Drivers/Application_Drivers/Dlms_Interface/Srcs/gxsetmalloc.c:279:5:cosem_orderSeasonProfile	56	static
../Drivers/Application_Drivers/Dlms_Interface/Srcs/gxsetmalloc.c:321:5:updateSeasonProfile	72	static
../Drivers/Application_Drivers/Dlms_Interface/Srcs/gxsetmalloc.c:377:5:updateWeekProfileTable	56	static
../Drivers/Application_Drivers/Dlms_Interface/Srcs/gxsetmalloc.c:460:5:updateDayProfileTable	88	static
../Drivers/Application_Drivers/Dlms_Interface/Srcs/gxsetmalloc.c:578:5:cosem_setActivityCalendar	56	static
../Drivers/Application_Drivers/Dlms_Interface/Srcs/gxsetmalloc.c:644:5:cosem_setActionSchedule	88	static
../Drivers/Application_Drivers/Dlms_Interface/Srcs/gxsetmalloc.c:769:5:cosem_updateAttributeAccessModes	48	static
../Drivers/Application_Drivers/Dlms_Interface/Srcs/gxsetmalloc.c:876:5:cosem_parseLNObjects	96	static
../Drivers/Application_Drivers/Dlms_Interface/Srcs/gxsetmalloc.c:970:5:cosem_setAssociationLogicalName	64	static
../Drivers/Application_Drivers/Dlms_Interface/Srcs/gxsetmalloc.c:1480:5:updateSNAccessRights	40	static
../Drivers/Application_Drivers/Dlms_Interface/Srcs/gxsetmalloc.c:1578:5:cosem_parseSNObjects	104	static
../Drivers/Application_Drivers/Dlms_Interface/Srcs/gxsetmalloc.c:1661:5:cosem_setAssociationShortName	80	static
../Drivers/Application_Drivers/Dlms_Interface/Srcs/gxsetmalloc.c:1752:5:cosem_setAutoAnswer	96	static
../Drivers/Application_Drivers/Dlms_Interface/Srcs/gxsetmalloc.c:1839:5:cosem_setAutoConnect	104	static
../Drivers/Application_Drivers/Dlms_Interface/Srcs/gxsetmalloc.c:1934:5:cosem_setDemandRegister	56	static
../Drivers/Application_Drivers/Dlms_Interface/Srcs/gxsetmalloc.c:2034:5:cosem_setMacAddressSetup	40	static
../Drivers/Application_Drivers/Dlms_Interface/Srcs/gxsetmalloc.c:2051:5:cosem_setExtendedRegister	56	static
../Drivers/Application_Drivers/Dlms_Interface/Srcs/gxsetmalloc.c:2113:5:cosem_setGprsSetup	48	static
../Drivers/Application_Drivers/Dlms_Interface/Srcs/gxsetmalloc.c:2217:5:cosem_setSecuritySetup	56	static
../Drivers/Application_Drivers/Dlms_Interface/Srcs/gxsetmalloc.c:2383:5:cosem_setIecHdlcSetup	24	static
../Drivers/Application_Drivers/Dlms_Interface/Srcs/gxsetmalloc.c:2425:5:cosem_setIecLocalPortSetup	40	static
../Drivers/Application_Drivers/Dlms_Interface/Srcs/gxsetmalloc.c:2472:5:cosem_setIecTwistedPairSetup	40	static
../Drivers/Application_Drivers/Dlms_Interface/Srcs/gxsetmalloc.c:2523:5:cosem_setIP4Setup	56	static
../Drivers/Application_Drivers/Dlms_Interface/Srcs/gxsetmalloc.c:2817:5:cosem_setUtilityTables	32	static
../Drivers/Application_Drivers/Dlms_Interface/Srcs/gxsetmalloc.c:2841:5:cosem_setMbusSlavePortSetup	24	static
../Drivers/Application_Drivers/Dlms_Interface/Srcs/gxsetmalloc.c:2867:5:cosem_setDisconnectControl	24	static
../Drivers/Application_Drivers/Dlms_Interface/Srcs/gxsetmalloc.c:2889:5:cosem_setLimiter	72	static
../Drivers/Application_Drivers/Dlms_Interface/Srcs/gxsetmalloc.c:3113:5:cosem_setmMbusClient	56	static
../Drivers/Application_Drivers/Dlms_Interface/Srcs/gxsetmalloc.c:3230:5:cosem_setModemConfiguration	56	static
../Drivers/Application_Drivers/Dlms_Interface/Srcs/gxsetmalloc.c:3312:5:cosem_setPppSetup	56	static
../Drivers/Application_Drivers/Dlms_Interface/Srcs/gxsetmalloc.c:3472:5:cosem_setRegisterActivation	88	static
../Drivers/Application_Drivers/Dlms_Interface/Srcs/gxsetmalloc.c:3604:5:cosem_setRegisterMonitor	64	static
../Drivers/Application_Drivers/Dlms_Interface/Srcs/gxsetmalloc.c:3804:5:cosem_setSapAssignment	48	static
../Drivers/Application_Drivers/Dlms_Interface/Srcs/gxsetmalloc.c:3857:5:cosem_setSchedule	80	static
../Drivers/Application_Drivers/Dlms_Interface/Srcs/gxsetmalloc.c:4014:5:cosem_setScriptTable	80	static
../Drivers/Application_Drivers/Dlms_Interface/Srcs/gxsetmalloc.c:4226:5:cosem_setSpecialDaysTable	72	static
../Drivers/Application_Drivers/Dlms_Interface/Srcs/gxsetmalloc.c:4344:5:cosem_setMbusMasterPortSetup	24	static
../Drivers/Application_Drivers/Dlms_Interface/Srcs/gxsetmalloc.c:4359:5:cosem_setPushSetup	104	static
../Drivers/Application_Drivers/Dlms_Interface/Srcs/gxsetmalloc.c:4506:5:setUnitCharge	72	static
../Drivers/Application_Drivers/Dlms_Interface/Srcs/gxsetmalloc.c:4628:5:cosem_setCharge	56	static
../Drivers/Application_Drivers/Dlms_Interface/Srcs/gxsetmalloc.c:4710:5:cosem_setCredit	56	static
../Drivers/Application_Drivers/Dlms_Interface/Srcs/gxsetmalloc.c:4768:5:cosem_setAccount	80	static
../Drivers/Application_Drivers/Dlms_Interface/Srcs/gxsetmalloc.c:5020:5:cosem_setImageTransfer	64	static
../Drivers/Application_Drivers/Dlms_Interface/Srcs/gxsetmalloc.c:5106:5:setCaptureObjects	72	static
../Drivers/Application_Drivers/Dlms_Interface/Srcs/gxsetmalloc.c:5200:5:cosem_setProfileGeneric	192	static
../Drivers/Application_Drivers/Dlms_Interface/Srcs/gxsetmalloc.c:5433:5:cosem_setGsmDiagnostic	72	static
../Drivers/Application_Drivers/Dlms_Interface/Srcs/gxsetmalloc.c:5607:5:cosem_setTokenGateway	72	static
../Drivers/Application_Drivers/Dlms_Interface/Srcs/gxsetmalloc.c:5689:5:compactData_updateTemplateDescription	192	static
../Drivers/Application_Drivers/Dlms_Interface/Srcs/gxsetmalloc.c:5876:5:cosem_setCompactData	32	static
../Drivers/Application_Drivers/Dlms_Interface/Srcs/gxsetmalloc.c:5920:5:cosem_setParameterMonitor	80	static
../Drivers/Application_Drivers/Dlms_Interface/Srcs/gxsetmalloc.c:6079:5:cosem_setLlcSscsSetup	32	static
../Drivers/Application_Drivers/Dlms_Interface/Srcs/gxsetmalloc.c:6103:5:cosem_setPrimeNbOfdmPlcPhysicalLayerCounters	32	static
../Drivers/Application_Drivers/Dlms_Interface/Srcs/gxsetmalloc.c:6134:5:cosem_setPrimeNbOfdmPlcMacSetup	32	static
../Drivers/Application_Drivers/Dlms_Interface/Srcs/gxsetmalloc.c:6173:5:cosem_setPrimeNbOfdmPlcMacFunctionalParameters	40	static
../Drivers/Application_Drivers/Dlms_Interface/Srcs/gxsetmalloc.c:6230:5:cosem_setPrimeNbOfdmPlcMacCounters	32	static
../Drivers/Application_Drivers/Dlms_Interface/Srcs/gxsetmalloc.c:6267:5:cosem_setMulticastEntries	48	static
../Drivers/Application_Drivers/Dlms_Interface/Srcs/gxsetmalloc.c:6302:5:cosem_setSwitchTable	32	static
../Drivers/Application_Drivers/Dlms_Interface/Srcs/gxsetmalloc.c:6324:5:cosem_setDirectTable	48	static
../Drivers/Application_Drivers/Dlms_Interface/Srcs/gxsetmalloc.c:6386:5:cosem_setAvailableSwitches	40	static
../Drivers/Application_Drivers/Dlms_Interface/Srcs/gxsetmalloc.c:6445:5:cosem_setCommunications	48	static
../Drivers/Application_Drivers/Dlms_Interface/Srcs/gxsetmalloc.c:6517:5:cosem_setPrimeNbOfdmPlcMacNetworkAdministrationData	32	static
../Drivers/Application_Drivers/Dlms_Interface/Srcs/gxsetmalloc.c:6551:5:cosem_setPrimeNbOfdmPlcApplicationsIdentification	40	static
../Drivers/Application_Drivers/Dlms_Interface/Srcs/gxsetmalloc.c:6581:5:cosem_setArbitrator	56	static
../Drivers/Application_Drivers/Dlms_Interface/Srcs/gxsetmalloc.c:6724:5:cosem_setIec8802LlcType1Setup	32	static
../Drivers/Application_Drivers/Dlms_Interface/Srcs/gxsetmalloc.c:6744:5:cosem_setIec8802LlcType2Setup	32	static
../Drivers/Application_Drivers/Dlms_Interface/Srcs/gxsetmalloc.c:6785:5:cosem_setIec8802LlcType3Setup	32	static
../Drivers/Application_Drivers/Dlms_Interface/Srcs/gxsetmalloc.c:6817:5:cosem_setSFSKActiveInitiator	40	static
../Drivers/Application_Drivers/Dlms_Interface/Srcs/gxsetmalloc.c:6867:5:cosem_setFSKMacCounters	56	static
../Drivers/Application_Drivers/Dlms_Interface/Srcs/gxsetmalloc.c:6997:5:cosem_setSFSKMacSynchronizationTimeouts	32	static
../Drivers/Application_Drivers/Dlms_Interface/Srcs/gxsetmalloc.c:7025:5:cosem_setSFSKPhyMacSetUp	48	static
../Drivers/Application_Drivers/Dlms_Interface/Srcs/gxsetmalloc.c:7118:5:cosem_setSFSKReportingSystemList	40	static
