../Drivers/Application_Drivers/Dlms_Interface/Srcs/server.c:95:6:svr_copyAssociationView	24	static
../Drivers/Application_Drivers/Dlms_Interface/Srcs/server.c:113:5:svr_initialize	56	static
../Drivers/Application_Drivers/Dlms_Interface/Srcs/server.c:210:5:svr_updateShortNames	40	static
../Drivers/Application_Drivers/Dlms_Interface/Srcs/server.c:259:6:svr_setInitialize	16	static
../Drivers/Application_Drivers/Dlms_Interface/Srcs/server.c:287:6:svr_reset	16	static
../Drivers/Application_Drivers/Dlms_Interface/Srcs/server.c:299:5:svr_generateExceptionResponse	64	static
../Drivers/Application_Drivers/Dlms_Interface/Srcs/server.c:385:5:svr_HandleAarqRequest	168	static
../Drivers/Application_Drivers/Dlms_Interface/Srcs/server.c:636:5:svr_handleSnrmRequest	40	static
../Drivers/Application_Drivers/Dlms_Interface/Srcs/server.c:707:5:svr_generateDisconnectRequest	24	static
../Drivers/Application_Drivers/Dlms_Interface/Srcs/server.c:745:5:dlms_addFrame	48	static
../Drivers/Application_Drivers/Dlms_Interface/Srcs/server.c:801:5:svr_reportError	168	static
../Drivers/Application_Drivers/Dlms_Interface/Srcs/server.c:881:5:svr_handleSetRequest2	80	static
../Drivers/Application_Drivers/Dlms_Interface/Srcs/server.c:1056:5:svr_hanleSetRequestWithDataBlock	56	static
../Drivers/Application_Drivers/Dlms_Interface/Srcs/server.c:1130:5:svr_generateConfirmedServiceError	24	static
../Drivers/Application_Drivers/Dlms_Interface/Srcs/server.c:1152:5:svr_handleSetRequest	104	static
../Drivers/Application_Drivers/Dlms_Interface/Srcs/server.c:1213:5:svr_getRequestNormal	152	static
../Drivers/Application_Drivers/Dlms_Interface/Srcs/server.c:1425:5:svr_getRequestNextDataBlock	120	static
../Drivers/Application_Drivers/Dlms_Interface/Srcs/server.c:1523:5:svr_getRequestWithList	160	static
../Drivers/Application_Drivers/Dlms_Interface/Srcs/server.c:1714:5:svr_handleGetRequest	104	static
../Drivers/Application_Drivers/Dlms_Interface/Srcs/server.c:1783:5:svr_findSNObject	48	static
../Drivers/Application_Drivers/Dlms_Interface/Srcs/server.c:1830:5:svr_handleRead	56	static
../Drivers/Application_Drivers/Dlms_Interface/Srcs/server.c:1900:5:svr_getReadData	48	static
../Drivers/Application_Drivers/Dlms_Interface/Srcs/server.c:1978:5:svr_handleReadBlockNumberAccess	120	static
../Drivers/Application_Drivers/Dlms_Interface/Srcs/server.c:2075:5:svr_handleReadDataBlockAccess	136	static
../Drivers/Application_Drivers/Dlms_Interface/Srcs/server.c:2172:5:svr_returnSNError	104	static
../Drivers/Application_Drivers/Dlms_Interface/Srcs/server.c:2193:5:svr_handleReadRequest	96	static
../Drivers/Application_Drivers/Dlms_Interface/Srcs/server.c:2285:5:svr_handleWriteRequest	160	static
../Drivers/Application_Drivers/Dlms_Interface/Srcs/server.c:2533:5:svr_handleMethodRequest	144	static
../Drivers/Application_Drivers/Dlms_Interface/Srcs/server.c:2754:5:svr_handleReleaseRequest	48	static
../Drivers/Application_Drivers/Dlms_Interface/Srcs/server.c:2811:5:svr_registerRequest	80	static
../Drivers/Application_Drivers/Dlms_Interface/Srcs/server.c:2861:5:svr_parseRegisterRequest	24	static
../Drivers/Application_Drivers/Dlms_Interface/Srcs/server.c:2884:5:svr_parseDiscoverRequest	24	static
../Drivers/Application_Drivers/Dlms_Interface/Srcs/server.c:2898:5:dlms_pingRequest	56	static
../Drivers/Application_Drivers/Dlms_Interface/Srcs/server.c:2916:5:dlm_parsePing	16	static
../Drivers/Application_Drivers/Dlms_Interface/Srcs/server.c:2922:5:dlms_repeaterCallRequest	48	static
../Drivers/Application_Drivers/Dlms_Interface/Srcs/server.c:2944:5:svr_discoverReport	80	static
../Drivers/Application_Drivers/Dlms_Interface/Srcs/server.c:3004:5:svr_handleCommand	56	static
../Drivers/Application_Drivers/Dlms_Interface/Srcs/server.c:3216:5:svr_handleRequest	32	static
../Drivers/Application_Drivers/Dlms_Interface/Srcs/server.c:3228:5:svr_handleRequest3	24	static
../Drivers/Application_Drivers/Dlms_Interface/Srcs/server.c:3236:5:svr_handleRequest2	80	static
../Drivers/Application_Drivers/Dlms_Interface/Srcs/server.c:3569:5:svr_handleInactivityTimeout	40	static
../Drivers/Application_Drivers/Dlms_Interface/Srcs/server.c:3620:5:svr_invoke	56	static
../Drivers/Application_Drivers/Dlms_Interface/Srcs/server.c:3687:5:svr_handleProfileGeneric	64	static
../Drivers/Application_Drivers/Dlms_Interface/Srcs/server.c:3732:5:svr_handleSingleActionSchedule	88	static
../Drivers/Application_Drivers/Dlms_Interface/Srcs/server.c:3821:15:equal	16	static
../Drivers/Application_Drivers/Dlms_Interface/Srcs/server.c:3830:5:svr_invokeScript	64	static
../Drivers/Application_Drivers/Dlms_Interface/Srcs/server.c:3890:5:svr_handleActivityCalendar	136	static
../Drivers/Application_Drivers/Dlms_Interface/Srcs/server.c:4052:5:svr_handlePushSetup	72	static
../Drivers/Application_Drivers/Dlms_Interface/Srcs/server.c:4101:5:svr_handleAutoConnect	72	static
../Drivers/Application_Drivers/Dlms_Interface/Srcs/server.c:4149:5:svr_run	40	static
../Drivers/Application_Drivers/Dlms_Interface/Srcs/server.c:4235:10:svr_isChangedWithAction	24	static
../Drivers/Application_Drivers/Dlms_Interface/Srcs/server.c:4316:5:svr_monitor	112	static
../Drivers/Application_Drivers/Dlms_Interface/Srcs/server.c:4416:5:svr_monitorAll	32	static
