../Drivers/Application_Drivers/Dlms_Interface/Srcs/variant.c:51:5:var_setEnum	16	static
../Drivers/Application_Drivers/Dlms_Interface/Srcs/variant.c:59:5:var_setUInt8	16	static
../Drivers/Application_Drivers/Dlms_Interface/Srcs/variant.c:67:5:var_setUInt16	16	static
../Drivers/Application_Drivers/Dlms_Interface/Srcs/variant.c:75:5:var_setUInt32	16	static
../Drivers/Application_Drivers/Dlms_Interface/Srcs/variant.c:83:5:var_setUInt64	24	static
../Drivers/Application_Drivers/Dlms_Interface/Srcs/variant.c:91:5:var_setInt8	16	static
../Drivers/Application_Drivers/Dlms_Interface/Srcs/variant.c:99:5:var_setInt16	16	static
../Drivers/Application_Drivers/Dlms_Interface/Srcs/variant.c:107:5:var_setInt32	16	static
../Drivers/Application_Drivers/Dlms_Interface/Srcs/variant.c:115:5:var_setInt64	24	static
../Drivers/Application_Drivers/Dlms_Interface/Srcs/variant.c:124:5:var_setDouble	24	static
../Drivers/Application_Drivers/Dlms_Interface/Srcs/variant.c:133:5:var_getUInt8	16	static
../Drivers/Application_Drivers/Dlms_Interface/Srcs/variant.c:146:5:var_getUInt16	16	static
../Drivers/Application_Drivers/Dlms_Interface/Srcs/variant.c:159:5:var_getUInt32	16	static
../Drivers/Application_Drivers/Dlms_Interface/Srcs/variant.c:172:5:var_getUInt64	16	static
../Drivers/Application_Drivers/Dlms_Interface/Srcs/variant.c:185:5:var_getInt8	16	static
../Drivers/Application_Drivers/Dlms_Interface/Srcs/variant.c:198:5:var_getInt16	16	static
../Drivers/Application_Drivers/Dlms_Interface/Srcs/variant.c:211:5:var_getInt32	16	static
../Drivers/Application_Drivers/Dlms_Interface/Srcs/variant.c:225:5:var_getInt64	16	static
../Drivers/Application_Drivers/Dlms_Interface/Srcs/variant.c:238:5:var_addBytes	24	static
../Drivers/Application_Drivers/Dlms_Interface/Srcs/variant.c:261:5:var_setString	24	static
../Drivers/Application_Drivers/Dlms_Interface/Srcs/variant.c:276:5:var_addOctetString	16	static
../Drivers/Application_Drivers/Dlms_Interface/Srcs/variant.c:284:5:var_addByteArray	24	static
../Drivers/Application_Drivers/Dlms_Interface/Srcs/variant.c:294:5:var_init	16	static
../Drivers/Application_Drivers/Dlms_Interface/Srcs/variant.c:302:6:var_attachArray	24	static
../Drivers/Application_Drivers/Dlms_Interface/Srcs/variant.c:315:6:var_attachStructure	24	static
../Drivers/Application_Drivers/Dlms_Interface/Srcs/variant.c:328:5:var_clear	16	static
../Drivers/Application_Drivers/Dlms_Interface/Srcs/variant.c:410:5:var_getDateTime2	24	static
../Drivers/Application_Drivers/Dlms_Interface/Srcs/variant.c:602:5:var_getDate	24	static
../Drivers/Application_Drivers/Dlms_Interface/Srcs/variant.c:689:5:var_getTime	24	static
../Drivers/Application_Drivers/Dlms_Interface/Srcs/variant.c:763:5:var_getBytes	16	static
../Drivers/Application_Drivers/Dlms_Interface/Srcs/variant.c:779:5:var_setOctetString	40	static
../Drivers/Application_Drivers/Dlms_Interface/Srcs/variant.c:816:5:var_getBytes2	24	static
../Drivers/Application_Drivers/Dlms_Interface/Srcs/variant.c:825:5:var_getBytes3	48	static
../Drivers/Application_Drivers/Dlms_Interface/Srcs/variant.c:1066:5:var_getSize	24	static
../Drivers/Application_Drivers/Dlms_Interface/Srcs/variant.c:1117:5:var_toInteger	56	static
../Drivers/Application_Drivers/Dlms_Interface/Srcs/variant.c:1215:6:va_isAttached	16	static
../Drivers/Application_Drivers/Dlms_Interface/Srcs/variant.c:1220:10:va_size	16	static
../Drivers/Application_Drivers/Dlms_Interface/Srcs/variant.c:1225:10:va_getCapacity	16	static
../Drivers/Application_Drivers/Dlms_Interface/Srcs/variant.c:1231:6:va_init	16	static
../Drivers/Application_Drivers/Dlms_Interface/Srcs/variant.c:1239:5:va_capacity	24	static
../Drivers/Application_Drivers/Dlms_Interface/Srcs/variant.c:1298:5:va_push	24	static
../Drivers/Application_Drivers/Dlms_Interface/Srcs/variant.c:1348:6:va_clear	32	static
../Drivers/Application_Drivers/Dlms_Interface/Srcs/variant.c:1385:6:va_attach2	16	static
../Drivers/Application_Drivers/Dlms_Interface/Srcs/variant.c:1397:5:va_getByIndex	32	static
../Drivers/Application_Drivers/Dlms_Interface/Srcs/variant.c:1416:5:va_copyArray	32	static
../Drivers/Application_Drivers/Dlms_Interface/Srcs/variant.c:1443:5:va_addValue	40	static
../Drivers/Application_Drivers/Dlms_Interface/Srcs/variant.c:1472:5:var_toString	56	static
../Drivers/Application_Drivers/Dlms_Interface/Srcs/variant.c:1515:5:va_toString	32	static
../Drivers/Application_Drivers/Dlms_Interface/Srcs/variant.c:1538:12:convert	368	static
../Drivers/Application_Drivers/Dlms_Interface/Srcs/variant.c:1900:5:var_changeType	16	static
../Drivers/Application_Drivers/Dlms_Interface/Srcs/variant.c:2141:5:var_copy	48	static
../Drivers/Application_Drivers/Dlms_Interface/Srcs/variant.c:2326:5:var_setDateTime	24	static
../Drivers/Application_Drivers/Dlms_Interface/Srcs/variant.c:2338:5:var_setDate	24	static
../Drivers/Application_Drivers/Dlms_Interface/Srcs/variant.c:2350:5:var_setTime	24	static
../Drivers/Application_Drivers/Dlms_Interface/Srcs/variant.c:2362:5:var_setDateTimeAsOctetString	24	static
../Drivers/Application_Drivers/Dlms_Interface/Srcs/variant.c:2380:5:var_setDateAsOctetString	24	static
../Drivers/Application_Drivers/Dlms_Interface/Srcs/variant.c:2398:5:var_setTimeAsOctetString	24	static
../Drivers/Application_Drivers/Dlms_Interface/Srcs/variant.c:2416:5:var_setBoolean	24	static
../Drivers/Application_Drivers/Dlms_Interface/Srcs/variant.c:2444:6:var_attach	16	static
../Drivers/Application_Drivers/Dlms_Interface/Srcs/variant.c:2459:5:var_getDateTime	24	static
../Drivers/Application_Drivers/Dlms_Interface/Srcs/variant.c:2483:8:var_toDouble	16	static
../Drivers/Application_Drivers/Dlms_Interface/Srcs/variant.c:2568:5:var_print	48	static
../Drivers/Application_Drivers/Dlms_Interface/Srcs/variant.c:2590:5:va_print	32	static
