../Drivers/Application_Drivers/Dlms_Interface/obis_init.c:110:5:addImageTransfer	24	static
../Drivers/Application_Drivers/Dlms_Interface/obis_init.c:140:13:init_ASS_LOW_SEC_OBJECTS	16	static
../Drivers/Application_Drivers/Dlms_Interface/obis_init.c:172:16:init_obis_association_public_client	16	static
../Drivers/Application_Drivers/Dlms_Interface/obis_init.c:190:16:init_obis_association_readonly_account	16	static
../Drivers/Application_Drivers/Dlms_Interface/obis_init.c:207:16:init_obis_association_readwrite_account	16	static
../Drivers/Application_Drivers/Dlms_Interface/obis_init.c:225:16:init_obis_association_fw_account	16	static
../Drivers/Application_Drivers/Dlms_Interface/obis_init.c:242:16:init_security_level	16	static
../Drivers/Application_Drivers/Dlms_Interface/obis_init.c:308:16:init_iec_hdlc_setup	40	static
../Drivers/Application_Drivers/Dlms_Interface/obis_init.c:326:5:init_clock	48	static
../Drivers/Application_Drivers/Dlms_Interface/obis_init.c:360:5:Init_SapAssignment	24	static
../Drivers/Application_Drivers/Dlms_Interface/obis_init.c:378:5:Init_RelayConnectControl	24	static
../Drivers/Application_Drivers/Dlms_Interface/obis_init.c:391:9:init_obis	16	static
../Drivers/Application_Drivers/Dlms_Interface/obis_init.c:414:5:saveSecurity	24	static
../Drivers/Application_Drivers/Dlms_Interface/obis_init.c:421:15:getIpAddress	16	static
../Drivers/Application_Drivers/Dlms_Interface/obis_init.c:427:5:loadSecurity	16	static
../Drivers/Application_Drivers/Dlms_Interface/obis_init.c:432:5:svr_findObject	80	static
../Drivers/Application_Drivers/Dlms_Interface/obis_init.c:466:6:time_now	16	static
../Drivers/Application_Drivers/Dlms_Interface/obis_init.c:477:6:getDateTime_	16	static
../Drivers/Application_Drivers/Dlms_Interface/obis_init.c:486:6:getDate_	16	static
../Drivers/Application_Drivers/Dlms_Interface/obis_init.c:493:6:gettime_	16	static
../Drivers/Application_Drivers/Dlms_Interface/obis_init.c:498:5:Obj_HandleClockSetAttr	48	static
../Drivers/Application_Drivers/Dlms_Interface/obis_init.c:530:5:Obj_HandleClockGetAttr	88	static
../Drivers/Application_Drivers/Dlms_Interface/obis_init.c:575:5:Obj_HandleClockActMethod	32	static
../Drivers/Application_Drivers/Dlms_Interface/obis_init.c:610:5:Obj_HandleRelayActMethod	16	static
../Drivers/Application_Drivers/Dlms_Interface/obis_init.c:643:5:Obj_HandleTimeSetAttr	24	static
../Drivers/Application_Drivers/Dlms_Interface/obis_init.c:673:5:Obj_HandleTimeGetAttr	72	static
../Drivers/Application_Drivers/Dlms_Interface/obis_init.c:719:5:Obj_HandleDateSetAttr	24	static
../Drivers/Application_Drivers/Dlms_Interface/obis_init.c:750:5:Obj_HandleDateGetAttr	72	static
../Drivers/Application_Drivers/Dlms_Interface/obis_init.c:799:6:svr_preRead	48	static
../Drivers/Application_Drivers/Dlms_Interface/obis_init.c:875:6:svr_preWrite	40	static
../Drivers/Application_Drivers/Dlms_Interface/obis_init.c:936:6:svr_preAction	40	static
../Drivers/Application_Drivers/Dlms_Interface/obis_init.c:966:6:svr_postRead	16	static
../Drivers/Application_Drivers/Dlms_Interface/obis_init.c:972:6:svr_postWrite	16	static
../Drivers/Application_Drivers/Dlms_Interface/obis_init.c:978:6:svr_postAction	16	static
../Drivers/Application_Drivers/Dlms_Interface/obis_init.c:984:15:svr_isTarget	96	static
../Drivers/Application_Drivers/Dlms_Interface/obis_init.c:1047:24:svr_validateAuthentication	24	static
../Drivers/Application_Drivers/Dlms_Interface/obis_init.c:1074:18:getProfileGenericAttributeAccess	24	static
../Drivers/Application_Drivers/Dlms_Interface/obis_init.c:1103:18:getPushSetupAttributeAccess	16	static
../Drivers/Application_Drivers/Dlms_Interface/obis_init.c:1123:18:getDisconnectControlAttributeAccess	16	static
../Drivers/Application_Drivers/Dlms_Interface/obis_init.c:1131:18:getActionSchduleAttributeAccess	16	static
../Drivers/Application_Drivers/Dlms_Interface/obis_init.c:1150:18:getRegisterAttributeAccess	16	static
../Drivers/Application_Drivers/Dlms_Interface/obis_init.c:1158:18:getDataAttributeAccess	16	static
../Drivers/Application_Drivers/Dlms_Interface/obis_init.c:1166:18:getScriptTableAttributeAccess	16	static
../Drivers/Application_Drivers/Dlms_Interface/obis_init.c:1174:18:getHdlcSetupAttributeAccess	16	static
../Drivers/Application_Drivers/Dlms_Interface/obis_init.c:1195:18:getAssociationAttributeAccess	16	static
../Drivers/Application_Drivers/Dlms_Interface/obis_init.c:1208:18:getSecuritySetupAttributeAccess	16	static
../Drivers/Application_Drivers/Dlms_Interface/obis_init.c:1221:18:getActivityCalendarAttributeAccess	16	static
../Drivers/Application_Drivers/Dlms_Interface/obis_init.c:1236:18:svr_getAttributeAccess	24	static
../Drivers/Application_Drivers/Dlms_Interface/obis_init.c:1326:25:svr_getMethodAccess	24	static
../Drivers/Application_Drivers/Dlms_Interface/obis_init.c:1351:5:svr_connected	16	static
../Drivers/Application_Drivers/Dlms_Interface/obis_init.c:1364:5:svr_invalidConnection	16	static
../Drivers/Application_Drivers/Dlms_Interface/obis_init.c:1369:5:svr_disconnected	16	static
../Drivers/Application_Drivers/Dlms_Interface/obis_init.c:1380:6:svr_preGet	32	static
../Drivers/Application_Drivers/Dlms_Interface/obis_init.c:1395:6:svr_postGet	16	static
