../Drivers/Application_Drivers/e2prom/eeprom.c:37:10:BSP_E2promBus_Init	8	static
../Drivers/Application_Drivers/e2prom/eeprom.c:51:14:bytestowrite	16	static
../Drivers/Application_Drivers/e2prom/eeprom.c:65:9:calculate_page_number	16	static
../Drivers/Application_Drivers/e2prom/eeprom.c:82:9:EEPROMreader	88	static
../Drivers/Application_Drivers/e2prom/eeprom.c:217:9:EEPROMwriter	88	static
../Drivers/Application_Drivers/e2prom/eeprom.c:355:8:EEPROMGetState	16	static
../Drivers/Application_Drivers/e2prom/eeprom.c:378:8:RdE2DataCRC	48	static
../Drivers/Application_Drivers/e2prom/eeprom.c:417:8:WrE2DataCRC	48	static
../Drivers/Application_Drivers/e2prom/eeprom.c:500:10:COPYBYTEDATA	32	static
../Drivers/Application_Drivers/e2prom/eeprom.c:518:8:CSandXOR_CheckGenerator	24	static
../Drivers/Application_Drivers/e2prom/eeprom.c:576:6:eeprom_set_write_status	16	static
../Drivers/Application_Drivers/e2prom/eeprom.c:589:9:eeprom_get_write_status	8	static
../Drivers/Application_Drivers/e2prom/eeprom.c:600:9:eeprom_save_lookup_table	16	static
../Drivers/Application_Drivers/e2prom/eeprom.c:614:9:eeprom_retrieve_lookup_table	152	static
../Drivers/Application_Drivers/e2prom/eeprom.c:640:6:write_all_data_at_power_cut	8	static
../Drivers/Application_Drivers/e2prom/eeprom.c:662:6:eeprom_first_start	16	static
../Drivers/Application_Drivers/e2prom/eeprom.c:682:6:eeprom_clear_all_data	16	static
../Drivers/Application_Drivers/e2prom/eeprom.c:701:6:eeprom_clear_object	24	static
../Drivers/Application_Drivers/e2prom/eeprom.c:707:6:eeprom_clear_data_section	16	static
../Drivers/Application_Drivers/e2prom/eeprom.c:726:9:eeprom_init_saved_object	24	static
../Drivers/Application_Drivers/e2prom/eeprom.c:747:9:eeprom_retrieve_saved_objects	24	static
../Drivers/Application_Drivers/e2prom/eeprom.c:794:9:eeprom_instantaneous_save	24	static
../Drivers/Application_Drivers/e2prom/eeprom.c:809:9:eeprom_add_to_saving_queue	16	static
../Drivers/Application_Drivers/e2prom/eeprom.c:821:6:dynamic_saving	16	static
