../Drivers/Application_Drivers/SolenoidValve/solenoid.c:69:6:activate_pullup	32	static
../Drivers/Application_Drivers/SolenoidValve/solenoid.c:77:6:activate_pulldown	32	static
../Drivers/Application_Drivers/SolenoidValve/solenoid.c:85:6:solenoid_init	32	static
../Drivers/Application_Drivers/SolenoidValve/solenoid.c:110:6:solenoid_open	8	static
../Drivers/Application_Drivers/SolenoidValve/solenoid.c:127:6:solenoid_close	8	static
../Drivers/Application_Drivers/SolenoidValve/solenoid.c:140:6:solenoid_brake	8	static
../Drivers/Application_Drivers/SolenoidValve/solenoid.c:148:6:soleniod_idle	8	static
../Drivers/Application_Drivers/SolenoidValve/solenoid.c:187:6:solenoid_FB_check	8	static
../Drivers/Application_Drivers/SolenoidValve/solenoid.c:220:6:solenoid_control_proc	8	static
../Drivers/Application_Drivers/SolenoidValve/solenoid.c:264:6:solenoid_feedback_callback	40	static
../Drivers/Application_Drivers/SolenoidValve/solenoid.c:296:6:init_event	8	static
../Drivers/Application_Drivers/SolenoidValve/solenoid.c:307:6:set_event	16	static
../Drivers/Application_Drivers/SolenoidValve/solenoid.c:355:9:get_event	16	static
../Drivers/Application_Drivers/SolenoidValve/solenoid.c:362:6:remove_event	16	static
../Drivers/Application_Drivers/SolenoidValve/solenoid.c:406:17:relay_RemoteEventReset	16	static
../Drivers/Application_Drivers/SolenoidValve/solenoid.c:429:6:solenoid_status_config_cmp_act	8	static
