../Drivers/Application_Drivers/billing/billing.c:63:6:billing_initBillingCycle	40	static
../Drivers/Application_Drivers/billing/billing.c:96:6:billing_closeCurrentBillingCycle	24	static
../Drivers/Application_Drivers/billing/billing.c:134:5:billing_isNewBillingCycle	16	static
../Drivers/Application_Drivers/billing/billing.c:163:6:billing_ResetForNewCustomer	16	static
../Drivers/Application_Drivers/billing/billing.c:180:13:applyStepFee	16	static
../Drivers/Application_Drivers/billing/billing.c:196:13:applyStepFeeAfterRecalculation	16	static
../Drivers/Application_Drivers/billing/billing.c:206:13:applyStepFeeOnClosing	16	static
../Drivers/Application_Drivers/billing/billing.c:220:13:applyZeroConsumptionFee	16	static
../Drivers/Application_Drivers/billing/billing.c:233:13:settleKwhFraction	16	static
../Drivers/Application_Drivers/billing/billing.c:246:6:billing_GetTotalChargeValue	16	static
../Drivers/Application_Drivers/billing/billing.c:255:6:billing_GetLastChargeValue	16	static
../Drivers/Application_Drivers/billing/billing.c:264:6:billing_GetLastChargeSequenceNumber	16	static
../Drivers/Application_Drivers/billing/billing.c:276:17:billing_chargeCredit	24	static
../Drivers/Application_Drivers/billing/billing.c:315:13:updateRemainingCredit	16	static
../Drivers/Application_Drivers/billing/billing.c:327:17:billing_changeBillingPaymentMode	16	static
../Drivers/Application_Drivers/billing/billing.c:348:6:billing_processTariff	32	static
../Drivers/Application_Drivers/billing/billing.c:375:13:billing_processTariff_PerKWH	16	static
../Drivers/Application_Drivers/billing/billing.c:417:17:billing_setTariffActivationDate	16	static
../Drivers/Application_Drivers/billing/billing.c:439:5:billing_isTariffActivationTime	16	static
../Drivers/Application_Drivers/billing/billing.c:469:6:billing_ActivateNewTariff	16	static
../Drivers/Application_Drivers/billing/billing.c:493:6:billing_setWeeklyOffDays	16	static
../Drivers/Application_Drivers/billing/billing.c:508:6:billing_updateOffDays	24	static
../Drivers/Application_Drivers/billing/billing.c:542:5:billing_isOffDay	16	static
../Drivers/Application_Drivers/billing/billing.c:557:17:billing_AddHoliday	16	static
../Drivers/Application_Drivers/billing/billing.c:573:17:billing_removeHoliday	16	static
../Drivers/Application_Drivers/billing/billing.c:589:6:billing_resetHolidays	16	static
../Drivers/Application_Drivers/billing/billing.c:607:6:billing_setStartFriendlyTime	16	static
../Drivers/Application_Drivers/billing/billing.c:654:6:billing_setEndFriendlyTime	16	static
../Drivers/Application_Drivers/billing/billing.c:692:12:checkTimeInRange	16	static
../Drivers/Application_Drivers/billing/billing.c:720:12:checkTimeOutRange	16	static
../Drivers/Application_Drivers/billing/billing.c:754:5:billing_isFriendlyTime	16	static
../Drivers/Application_Drivers/billing/billing.c:764:5:billing_isGraceHours	8	static
../Drivers/Application_Drivers/billing/billing.c:769:5:billing_isGracePeriod	8	static
../Drivers/Application_Drivers/billing/billing.c:780:6:billing_RelayControl	8	static
