../Drivers/Application_Drivers/Dlms_Interface/Srcs/bytebuffer.c:49:6:bb_isAttached	16	static
../Drivers/Application_Drivers/Dlms_Interface/Srcs/bytebuffer.c:66:10:bb_available	16	static
../Drivers/Application_Drivers/Dlms_Interface/Srcs/bytebuffer.c:79:10:bb_getCapacity	16	static
../Drivers/Application_Drivers/Dlms_Interface/Srcs/bytebuffer.c:94:10:bb_size	16	static
../Drivers/Application_Drivers/Dlms_Interface/Srcs/bytebuffer.c:100:5:bb_init	16	static
../Drivers/Application_Drivers/Dlms_Interface/Srcs/bytebuffer.c:115:5:bb_capacity	24	static
../Drivers/Application_Drivers/Dlms_Interface/Srcs/bytebuffer.c:189:5:bb_zero	24	static
../Drivers/Application_Drivers/Dlms_Interface/Srcs/bytebuffer.c:211:5:bb_setUInt8	24	static
../Drivers/Application_Drivers/Dlms_Interface/Srcs/bytebuffer.c:229:5:bb_insertUInt8	32	static
../Drivers/Application_Drivers/Dlms_Interface/Srcs/bytebuffer.c:249:5:bb_allocate	24	static
../Drivers/Application_Drivers/Dlms_Interface/Srcs/bytebuffer.c:315:5:bb_setUInt8ByIndex	24	static
../Drivers/Application_Drivers/Dlms_Interface/Srcs/bytebuffer.c:333:5:bb_setUInt16	24	static
../Drivers/Application_Drivers/Dlms_Interface/Srcs/bytebuffer.c:351:5:bb_setUInt16ByIndex	24	static
../Drivers/Application_Drivers/Dlms_Interface/Srcs/bytebuffer.c:370:5:bb_setUInt32	24	static
../Drivers/Application_Drivers/Dlms_Interface/Srcs/bytebuffer.c:388:5:bb_setUInt32ByIndex	40	static
../Drivers/Application_Drivers/Dlms_Interface/Srcs/bytebuffer.c:402:5:bb_setUInt64	88	static
../Drivers/Application_Drivers/Dlms_Interface/Srcs/bytebuffer.c:430:5:bb_setFloat	24	static
../Drivers/Application_Drivers/Dlms_Interface/Srcs/bytebuffer.c:456:5:bb_setDouble	40	static
../Drivers/Application_Drivers/Dlms_Interface/Srcs/bytebuffer.c:485:5:bb_setInt8	16	static
../Drivers/Application_Drivers/Dlms_Interface/Srcs/bytebuffer.c:492:5:bb_setInt16	16	static
../Drivers/Application_Drivers/Dlms_Interface/Srcs/bytebuffer.c:499:5:bb_setInt32	16	static
../Drivers/Application_Drivers/Dlms_Interface/Srcs/bytebuffer.c:506:5:bb_setInt64	24	static
../Drivers/Application_Drivers/Dlms_Interface/Srcs/bytebuffer.c:519:5:bb_set	32	static
../Drivers/Application_Drivers/Dlms_Interface/Srcs/bytebuffer.c:552:5:bb_set2	32	static
../Drivers/Application_Drivers/Dlms_Interface/Srcs/bytebuffer.c:579:5:bb_addString	24	static
../Drivers/Application_Drivers/Dlms_Interface/Srcs/bytebuffer.c:608:5:bb_attach	24	static
../Drivers/Application_Drivers/Dlms_Interface/Srcs/bytebuffer.c:646:5:bb_attachString2	32	static
../Drivers/Application_Drivers/Dlms_Interface/Srcs/bytebuffer.c:657:5:bb_attachString	24	static
../Drivers/Application_Drivers/Dlms_Interface/Srcs/bytebuffer.c:668:5:bb_clear	16	static
../Drivers/Application_Drivers/Dlms_Interface/Srcs/bytebuffer.c:688:5:bb_empty	16	static
../Drivers/Application_Drivers/Dlms_Interface/Srcs/bytebuffer.c:696:5:bb_getUInt8	16	static
../Drivers/Application_Drivers/Dlms_Interface/Srcs/bytebuffer.c:709:5:bb_getInt8	16	static
../Drivers/Application_Drivers/Dlms_Interface/Srcs/bytebuffer.c:722:5:bb_getUInt8ByIndex	24	static
../Drivers/Application_Drivers/Dlms_Interface/Srcs/bytebuffer.c:736:5:bb_getUInt16	16	static
../Drivers/Application_Drivers/Dlms_Interface/Srcs/bytebuffer.c:750:5:bb_getUInt32	16	static
../Drivers/Application_Drivers/Dlms_Interface/Srcs/bytebuffer.c:764:5:bb_getInt16	16	static
../Drivers/Application_Drivers/Dlms_Interface/Srcs/bytebuffer.c:779:5:bb_getUInt24	24	static
../Drivers/Application_Drivers/Dlms_Interface/Srcs/bytebuffer.c:788:5:bb_getInt32	24	static
../Drivers/Application_Drivers/Dlms_Interface/Srcs/bytebuffer.c:798:5:bb_getUInt24ByIndex	32	static
../Drivers/Application_Drivers/Dlms_Interface/Srcs/bytebuffer.c:813:5:bb_getUInt32ByIndex	24	static
../Drivers/Application_Drivers/Dlms_Interface/Srcs/bytebuffer.c:827:5:bb_getInt64	24	static
../Drivers/Application_Drivers/Dlms_Interface/Srcs/bytebuffer.c:839:5:bb_getUInt64	24	static
../Drivers/Application_Drivers/Dlms_Interface/Srcs/bytebuffer.c:851:5:bb_getUInt64ByIndex	64	static
../Drivers/Application_Drivers/Dlms_Interface/Srcs/bytebuffer.c:869:5:bb_getUInt128ByIndex	32	static
../Drivers/Application_Drivers/Dlms_Interface/Srcs/bytebuffer.c:891:5:bb_getFloat	24	static
../Drivers/Application_Drivers/Dlms_Interface/Srcs/bytebuffer.c:916:5:bb_getDouble	24	static
../Drivers/Application_Drivers/Dlms_Interface/Srcs/bytebuffer.c:944:5:bb_getUInt16ByIndex	24	static
../Drivers/Application_Drivers/Dlms_Interface/Srcs/bytebuffer.c:959:5:bb_addHexString	32	static
../Drivers/Application_Drivers/Dlms_Interface/Srcs/bytebuffer.c:980:5:bb_addHexString2	40	static
../Drivers/Application_Drivers/Dlms_Interface/Srcs/bytebuffer.c:1022:5:bb_addLogicalName	56	static
../Drivers/Application_Drivers/Dlms_Interface/Srcs/bytebuffer.c:1035:5:bb_toHexString2	24	static
../Drivers/Application_Drivers/Dlms_Interface/Srcs/bytebuffer.c:1044:7:bb_toString	24	static
../Drivers/Application_Drivers/Dlms_Interface/Srcs/bytebuffer.c:1056:7:bb_toHexString	24	static
../Drivers/Application_Drivers/Dlms_Interface/Srcs/bytebuffer.c:1063:6:bb_addDoubleAsString	56	static
../Drivers/Application_Drivers/Dlms_Interface/Srcs/bytebuffer.c:1085:5:bb_addIntAsString	16	static
../Drivers/Application_Drivers/Dlms_Interface/Srcs/bytebuffer.c:1090:5:bb_addIntAsString2	64	static
../Drivers/Application_Drivers/Dlms_Interface/Srcs/bytebuffer.c:1109:5:bb_subArray	32	static
../Drivers/Application_Drivers/Dlms_Interface/Srcs/bytebuffer.c:1127:5:bb_insert	48	static
../Drivers/Application_Drivers/Dlms_Interface/Srcs/bytebuffer.c:1157:5:bb_move	40	static
../Drivers/Application_Drivers/Dlms_Interface/Srcs/bytebuffer.c:1201:5:bb_trim	24	static
../Drivers/Application_Drivers/Dlms_Interface/Srcs/bytebuffer.c:1226:15:bb_compare	32	static
../Drivers/Application_Drivers/Dlms_Interface/Srcs/bytebuffer.c:1252:5:bb_get	24	static
../Drivers/Application_Drivers/Dlms_Interface/Srcs/bytebuffer.c:1267:10:bb_indexOf	24	static
