../Drivers/Application_Drivers/Dlms_Interface/Srcs/cosem.c:54:10:cosem_getObjectSize	24	static
../Drivers/Application_Drivers/Dlms_Interface/Srcs/cosem.c:418:5:cosem_createObject	40	static
../Drivers/Application_Drivers/Dlms_Interface/Srcs/cosem.c:457:5:cosem_createObject2	32	static
../Drivers/Application_Drivers/Dlms_Interface/Srcs/cosem.c:472:5:cosem_setLogicalName	16	static
../Drivers/Application_Drivers/Dlms_Interface/Srcs/cosem.c:481:5:cosem_init	40	static
../Drivers/Application_Drivers/Dlms_Interface/Srcs/cosem.c:492:5:cosem_init2	24	static
../Drivers/Application_Drivers/Dlms_Interface/Srcs/cosem.c:500:5:cosem_init3	32	static
../Drivers/Application_Drivers/Dlms_Interface/Srcs/cosem.c:509:5:cosem_init4	40	static
../Drivers/Application_Drivers/Dlms_Interface/Srcs/cosem.c:698:5:cosem_checkStructure	32	static
../Drivers/Application_Drivers/Dlms_Interface/Srcs/cosem.c:712:5:cosem_getStructure	24	static
../Drivers/Application_Drivers/Dlms_Interface/Srcs/cosem.c:737:5:cosem_checkArray	16	static
../Drivers/Application_Drivers/Dlms_Interface/Srcs/cosem.c:742:5:cosem_checkArray2	32	static
../Drivers/Application_Drivers/Dlms_Interface/Srcs/cosem.c:773:5:cosem_getUInt8	24	static
../Drivers/Application_Drivers/Dlms_Interface/Srcs/cosem.c:792:5:cosem_getUInt16	24	static
../Drivers/Application_Drivers/Dlms_Interface/Srcs/cosem.c:811:5:cosem_getUInt32	24	static
../Drivers/Application_Drivers/Dlms_Interface/Srcs/cosem.c:830:5:cosem_getInt8	24	static
../Drivers/Application_Drivers/Dlms_Interface/Srcs/cosem.c:849:5:cosem_getInt16	24	static
../Drivers/Application_Drivers/Dlms_Interface/Srcs/cosem.c:868:5:cosem_getInt32	24	static
../Drivers/Application_Drivers/Dlms_Interface/Srcs/cosem.c:887:5:cosem_getOctetStringBase	32	static
../Drivers/Application_Drivers/Dlms_Interface/Srcs/cosem.c:916:5:cosem_getOctetStringBase2	32	static
../Drivers/Application_Drivers/Dlms_Interface/Srcs/cosem.c:945:5:cosem_getOctetString	16	static
../Drivers/Application_Drivers/Dlms_Interface/Srcs/cosem.c:950:5:cosem_getString	16	static
../Drivers/Application_Drivers/Dlms_Interface/Srcs/cosem.c:955:5:cosem_getOctetString2	40	static
../Drivers/Application_Drivers/Dlms_Interface/Srcs/cosem.c:960:5:cosem_getOctetString3	24	static
../Drivers/Application_Drivers/Dlms_Interface/Srcs/cosem.c:965:5:cosem_getString2	48	static
../Drivers/Application_Drivers/Dlms_Interface/Srcs/cosem.c:980:5:cosem_getDateTimeBase	64	static
../Drivers/Application_Drivers/Dlms_Interface/Srcs/cosem.c:1021:5:cosem_getDateTimeFromOctetStringBase	64	static
../Drivers/Application_Drivers/Dlms_Interface/Srcs/cosem.c:1075:5:cosem_getDateTimeFromOctetString	16	static
../Drivers/Application_Drivers/Dlms_Interface/Srcs/cosem.c:1080:5:cosem_getDateFromOctetString	16	static
../Drivers/Application_Drivers/Dlms_Interface/Srcs/cosem.c:1085:5:cosem_getTimeFromOctetString	16	static
../Drivers/Application_Drivers/Dlms_Interface/Srcs/cosem.c:1090:5:cosem_getDateTimeFromOctetString2	24	static
../Drivers/Application_Drivers/Dlms_Interface/Srcs/cosem.c:1095:5:cosem_getDateFromOctetString2	24	static
../Drivers/Application_Drivers/Dlms_Interface/Srcs/cosem.c:1100:5:cosem_getTimeFromOctetString2	24	static
../Drivers/Application_Drivers/Dlms_Interface/Srcs/cosem.c:1105:5:cosem_getBitString	24	static
../Drivers/Application_Drivers/Dlms_Interface/Srcs/cosem.c:1126:5:cosem_getIntegerFromBitString	48	static
../Drivers/Application_Drivers/Dlms_Interface/Srcs/cosem.c:1149:5:cosem_getVariant	40	static
../Drivers/Application_Drivers/Dlms_Interface/Srcs/cosem.c:1167:5:cosem_getEnum	24	static
../Drivers/Application_Drivers/Dlms_Interface/Srcs/cosem.c:1186:5:cosem_getBoolean	24	static
../Drivers/Application_Drivers/Dlms_Interface/Srcs/cosem.c:1205:5:cosem_getUtf8String	16	static
../Drivers/Application_Drivers/Dlms_Interface/Srcs/cosem.c:1210:5:cosem_getUtf8String2	40	static
../Drivers/Application_Drivers/Dlms_Interface/Srcs/cosem.c:1215:5:cosem_setDateTimeAsOctetString	24	static
../Drivers/Application_Drivers/Dlms_Interface/Srcs/cosem.c:1267:5:cosem_setDateAsOctetString	24	static
../Drivers/Application_Drivers/Dlms_Interface/Srcs/cosem.c:1279:5:cosem_setBitString	56	static
../Drivers/Application_Drivers/Dlms_Interface/Srcs/cosem.c:1309:5:cosem_setTimeAsOctetString	24	static
../Drivers/Application_Drivers/Dlms_Interface/Srcs/cosem.c:1321:5:cosem_setOctetString	24	static
../Drivers/Application_Drivers/Dlms_Interface/Srcs/cosem.c:1341:5:cosem_setString	32	static
../Drivers/Application_Drivers/Dlms_Interface/Srcs/cosem.c:1365:5:cosem_setString2	32	static
../Drivers/Application_Drivers/Dlms_Interface/Srcs/cosem.c:1389:5:cosem_setDateTime	24	static
../Drivers/Application_Drivers/Dlms_Interface/Srcs/cosem.c:1400:5:cosem_setDate	24	static
../Drivers/Application_Drivers/Dlms_Interface/Srcs/cosem.c:1411:5:cosem_setTime	24	static
../Drivers/Application_Drivers/Dlms_Interface/Srcs/cosem.c:1423:5:cosem_setOctetString2	32	static
../Drivers/Application_Drivers/Dlms_Interface/Srcs/cosem.c:1446:5:cosem_getDateTime	16	static
../Drivers/Application_Drivers/Dlms_Interface/Srcs/cosem.c:1451:5:cosem_getDate	16	static
../Drivers/Application_Drivers/Dlms_Interface/Srcs/cosem.c:1456:5:cosem_getTime	16	static
../Drivers/Application_Drivers/Dlms_Interface/Srcs/cosem.c:1461:5:cosem_getDateTime2	24	static
../Drivers/Application_Drivers/Dlms_Interface/Srcs/cosem.c:1466:5:cosem_getDate2	24	static
../Drivers/Application_Drivers/Dlms_Interface/Srcs/cosem.c:1471:5:cosem_getTime2	24	static
../Drivers/Application_Drivers/Dlms_Interface/Srcs/cosem.c:1476:5:cosem_setUInt8	24	static
../Drivers/Application_Drivers/Dlms_Interface/Srcs/cosem.c:1487:5:cosem_setUInt16	24	static
../Drivers/Application_Drivers/Dlms_Interface/Srcs/cosem.c:1498:5:cosem_setUInt32	24	static
../Drivers/Application_Drivers/Dlms_Interface/Srcs/cosem.c:1509:5:cosem_setUInt64	24	static
../Drivers/Application_Drivers/Dlms_Interface/Srcs/cosem.c:1520:5:cosem_setInt8	24	static
../Drivers/Application_Drivers/Dlms_Interface/Srcs/cosem.c:1531:5:cosem_setInt16	24	static
../Drivers/Application_Drivers/Dlms_Interface/Srcs/cosem.c:1542:5:cosem_setInt32	24	static
../Drivers/Application_Drivers/Dlms_Interface/Srcs/cosem.c:1553:5:cosem_setInt64	24	static
../Drivers/Application_Drivers/Dlms_Interface/Srcs/cosem.c:1564:5:cosem_setVariant	16	static
../Drivers/Application_Drivers/Dlms_Interface/Srcs/cosem.c:1573:5:cosem_setStructure	24	static
../Drivers/Application_Drivers/Dlms_Interface/Srcs/cosem.c:1584:5:cosem_setArray	24	static
../Drivers/Application_Drivers/Dlms_Interface/Srcs/cosem.c:1595:5:cosem_setEnum	24	static
../Drivers/Application_Drivers/Dlms_Interface/Srcs/cosem.c:1606:5:cosem_setBoolean	24	static
../Drivers/Application_Drivers/Dlms_Interface/Srcs/cosem.c:1628:5:getSelectedColumns	72	static
../Drivers/Application_Drivers/Dlms_Interface/Srcs/cosem.c:1691:5:cosem_getColumns	56	static
../Drivers/Application_Drivers/Dlms_Interface/Srcs/cosem.c:1904:5:cosem_findObjectByLN	40	static
