../Drivers/Application_Drivers/Dlms_Interface/Srcs/dlmsSettings.c:50:6:svr_init	40	static
../Drivers/Application_Drivers/Dlms_Interface/Srcs/dlmsSettings.c:89:6:cl_init	32	static
../Drivers/Application_Drivers/Dlms_Interface/Srcs/dlmsSettings.c:172:6:cl_clear	16	static
../Drivers/Application_Drivers/Dlms_Interface/Srcs/dlmsSettings.c:212:6:svr_clear	16	static
../Drivers/Application_Drivers/Dlms_Interface/Srcs/dlmsSettings.c:219:6:plc_reset	16	static
../Drivers/Application_Drivers/Dlms_Interface/Srcs/dlmsSettings.c:258:6:resetBlockIndex	16	static
../Drivers/Application_Drivers/Dlms_Interface/Srcs/dlmsSettings.c:264:6:resetFrameSequence	16	static
../Drivers/Application_Drivers/Dlms_Interface/Srcs/dlmsSettings.c:279:15:increaseReceiverSequence	16	static
../Drivers/Application_Drivers/Dlms_Interface/Srcs/dlmsSettings.c:290:15:increaseSendSequence	16	static
../Drivers/Application_Drivers/Dlms_Interface/Srcs/dlmsSettings.c:296:15:checkFrame	32	static
../Drivers/Application_Drivers/Dlms_Interface/Srcs/dlmsSettings.c:359:15:getNextSend	16	static
../Drivers/Application_Drivers/Dlms_Interface/Srcs/dlmsSettings.c:373:15:getReceiverReady	16	static
../Drivers/Application_Drivers/Dlms_Interface/Srcs/dlmsSettings.c:380:15:getKeepAlive	16	static
../Drivers/Application_Drivers/Dlms_Interface/Srcs/dlmsSettings.c:388:15:isCiphered	16	static
../Drivers/Application_Drivers/Dlms_Interface/Srcs/dlmsSettings.c:395:6:trans_init	16	static
../Drivers/Application_Drivers/Dlms_Interface/Srcs/dlmsSettings.c:404:6:trans_clear	16	static
../Drivers/Application_Drivers/Dlms_Interface/Srcs/dlmsSettings.c:413:6:updateInvokeId	16	static
