../Drivers/Application_Drivers/Dlms_Interface/Srcs/gxaes.c:161:22:getSBoxValue	16	static
../Drivers/Application_Drivers/Dlms_Interface/Srcs/gxaes.c:171:22:getSBoxInvert	16	static
../Drivers/Application_Drivers/Dlms_Interface/Srcs/gxaes.c:181:22:getRCon	16	static
../Drivers/Application_Drivers/Dlms_Interface/Srcs/gxaes.c:192:13:KeyExpansion	32	static
../Drivers/Application_Drivers/Dlms_Interface/Srcs/gxaes.c:267:13:AddRoundKey	40	static
../Drivers/Application_Drivers/Dlms_Interface/Srcs/gxaes.c:281:13:SubBytes	32	static
../Drivers/Application_Drivers/Dlms_Interface/Srcs/gxaes.c:296:13:ShiftRows	16	static
../Drivers/Application_Drivers/Dlms_Interface/Srcs/gxaes.c:324:22:xtime	16	static
../Drivers/Application_Drivers/Dlms_Interface/Srcs/gxaes.c:330:13:MixColumns	24	static
../Drivers/Application_Drivers/Dlms_Interface/Srcs/gxaes.c:368:13:InvMixColumns	24	static
../Drivers/Application_Drivers/Dlms_Interface/Srcs/gxaes.c:389:13:InvSubBytes	32	static
../Drivers/Application_Drivers/Dlms_Interface/Srcs/gxaes.c:401:13:InvShiftRows	16	static
../Drivers/Application_Drivers/Dlms_Interface/Srcs/gxaes.c:431:13:Cipher	16	static
../Drivers/Application_Drivers/Dlms_Interface/Srcs/gxaes.c:456:13:InvCipher	16	static
../Drivers/Application_Drivers/Dlms_Interface/Srcs/gxaes.c:487:6:gxaes_ecb_encrypt	24	static
../Drivers/Application_Drivers/Dlms_Interface/Srcs/gxaes.c:500:6:gxaes_ecb_decrypt	24	static
../Drivers/Application_Drivers/Dlms_Interface/Srcs/gxaes.c:518:13:XorWithIv	32	static
../Drivers/Application_Drivers/Dlms_Interface/Srcs/gxaes.c:527:6:gxaes_cbc_encrypt	32	static
../Drivers/Application_Drivers/Dlms_Interface/Srcs/gxaes.c:564:6:gxaes_cbc_decrypt	32	static
