../Drivers/Application_Drivers/Dlms_Interface/Srcs/gxget.c:62:5:cosem_getByteBuffer	16	static
../Drivers/Application_Drivers/Dlms_Interface/Srcs/gxget.c:84:5:cosem_getData	24	static
../Drivers/Application_Drivers/Dlms_Interface/Srcs/gxget.c:107:5:cosem_getRegister	24	static
../Drivers/Application_Drivers/Dlms_Interface/Srcs/gxget.c:141:5:cosem_getRegisterTable	24	static
../Drivers/Application_Drivers/Dlms_Interface/Srcs/gxget.c:168:5:cosem_getClock	24	static
../Drivers/Application_Drivers/Dlms_Interface/Srcs/gxget.c:212:5:cosem_getActionSchedule	48	static
../Drivers/Application_Drivers/Dlms_Interface/Srcs/gxget.c:278:5:getActivityCalendarDayProfileTable	32	static
../Drivers/Application_Drivers/Dlms_Interface/Srcs/gxget.c:333:5:getActivityCalendarWeekProfileTable	40	static
../Drivers/Application_Drivers/Dlms_Interface/Srcs/gxget.c:378:5:getActivityCalendarSeasonProfile	40	static
../Drivers/Application_Drivers/Dlms_Interface/Srcs/gxget.c:423:5:getActivityCalendarName	16	static
../Drivers/Application_Drivers/Dlms_Interface/Srcs/gxget.c:430:5:cosem_getActivityCalendar	32	static
../Drivers/Application_Drivers/Dlms_Interface/Srcs/gxget.c:480:5:getLNAccessRights	56	static
../Drivers/Application_Drivers/Dlms_Interface/Srcs/gxget.c:541:5:getLNObjects	64	static
../Drivers/Application_Drivers/Dlms_Interface/Srcs/gxget.c:703:5:getUserList	64	static
../Drivers/Application_Drivers/Dlms_Interface/Srcs/gxget.c:761:5:cosem_getAssociationLogicalName	64	static
../Drivers/Application_Drivers/Dlms_Interface/Srcs/gxget.c:900:5:getSNObjects	40	static
../Drivers/Application_Drivers/Dlms_Interface/Srcs/gxget.c:961:5:getSNAccessRights	48	static
../Drivers/Application_Drivers/Dlms_Interface/Srcs/gxget.c:1011:5:cosem_getAssociationShortName	48	static
../Drivers/Application_Drivers/Dlms_Interface/Srcs/gxget.c:1056:5:cosem_getAutoAnswer	48	static
../Drivers/Application_Drivers/Dlms_Interface/Srcs/gxget.c:1126:5:cosem_getAutoConnect	48	static
../Drivers/Application_Drivers/Dlms_Interface/Srcs/gxget.c:1217:5:cosem_getDemandRegister	32	static
../Drivers/Application_Drivers/Dlms_Interface/Srcs/gxget.c:1285:5:cosem_getMacAddressSetup	24	static
../Drivers/Application_Drivers/Dlms_Interface/Srcs/gxget.c:1302:5:cosem_getExtendedRegister	32	static
../Drivers/Application_Drivers/Dlms_Interface/Srcs/gxget.c:1354:5:cosem_getQualityOfService	24	static
../Drivers/Application_Drivers/Dlms_Interface/Srcs/gxget.c:1373:5:cosem_getGprsSetup	32	static
../Drivers/Application_Drivers/Dlms_Interface/Srcs/gxget.c:1404:5:cosem_getSecuritySetup	48	static
../Drivers/Application_Drivers/Dlms_Interface/Srcs/gxget.c:1477:5:cosem_getIecHdlcSetup	24	static
../Drivers/Application_Drivers/Dlms_Interface/Srcs/gxget.c:1516:5:cosem_getIecLocalPortSetup	24	static
../Drivers/Application_Drivers/Dlms_Interface/Srcs/gxget.c:1562:5:cosem_getIecTwistedPairSetup	48	static
../Drivers/Application_Drivers/Dlms_Interface/Srcs/gxget.c:1614:5:cosem_getIP4Setup	48	static
../Drivers/Application_Drivers/Dlms_Interface/Srcs/gxget.c:1869:5:cosem_getMbusSlavePortSetup	24	static
../Drivers/Application_Drivers/Dlms_Interface/Srcs/gxget.c:1898:5:cosem_getImageTransfer	48	static
../Drivers/Application_Drivers/Dlms_Interface/Srcs/gxget.c:1985:5:getColumns	40	static
../Drivers/Application_Drivers/Dlms_Interface/Srcs/gxget.c:2095:5:cosem_getRow	48	static
../Drivers/Application_Drivers/Dlms_Interface/Srcs/gxget.c:2160:5:profileGeneric_getData	64	static
../Drivers/Application_Drivers/Dlms_Interface/Srcs/gxget.c:2225:5:getProfileGenericData	200	static
../Drivers/Application_Drivers/Dlms_Interface/Srcs/gxget.c:2385:5:cosem_getProfileGeneric	40	static
../Drivers/Application_Drivers/Dlms_Interface/Srcs/gxget.c:2476:5:cosem_getDisconnectControl	24	static
../Drivers/Application_Drivers/Dlms_Interface/Srcs/gxget.c:2501:5:cosem_getLimiter	40	static
../Drivers/Application_Drivers/Dlms_Interface/Srcs/gxget.c:2654:5:cosem_getmMbusClient	48	static
../Drivers/Application_Drivers/Dlms_Interface/Srcs/gxget.c:2774:5:cosem_add	32	static
../Drivers/Application_Drivers/Dlms_Interface/Srcs/gxget.c:2786:5:cosem_getModemConfiguration	48	static
../Drivers/Application_Drivers/Dlms_Interface/Srcs/gxget.c:2912:5:cosem_getPppSetup	48	static
../Drivers/Application_Drivers/Dlms_Interface/Srcs/gxget.c:3036:5:cosem_getRegisterActivation	56	static
../Drivers/Application_Drivers/Dlms_Interface/Srcs/gxget.c:3194:5:cosem_getRegisterMonitor	48	static
../Drivers/Application_Drivers/Dlms_Interface/Srcs/gxget.c:3304:5:cosem_getSapAssignment	48	static
../Drivers/Application_Drivers/Dlms_Interface/Srcs/gxget.c:3354:5:cosem_getSchedule	56	static
../Drivers/Application_Drivers/Dlms_Interface/Srcs/gxget.c:3417:5:cosem_getScriptTable	40	static
../Drivers/Application_Drivers/Dlms_Interface/Srcs/gxget.c:3485:5:cosem_getSpecialDaysTable	64	static
../Drivers/Application_Drivers/Dlms_Interface/Srcs/gxget.c:3565:5:cosem_getUtilityTables	24	static
../Drivers/Application_Drivers/Dlms_Interface/Srcs/gxget.c:3591:5:cosem_getMbusMasterPortSetup	24	static
../Drivers/Application_Drivers/Dlms_Interface/Srcs/gxget.c:3609:5:cosem_getPushSetup	48	static
../Drivers/Application_Drivers/Dlms_Interface/Srcs/gxget.c:3733:5:cosem_getZigbeeNetworkControl	48	static
../Drivers/Application_Drivers/Dlms_Interface/Srcs/gxget.c:3804:5:getUnitCharge	40	static
../Drivers/Application_Drivers/Dlms_Interface/Srcs/gxget.c:3868:5:cosem_getCharge	24	static
../Drivers/Application_Drivers/Dlms_Interface/Srcs/gxget.c:3929:5:cosem_getTokenGateway	48	static
../Drivers/Application_Drivers/Dlms_Interface/Srcs/gxget.c:3993:5:cosem_getCredit	24	static
../Drivers/Application_Drivers/Dlms_Interface/Srcs/gxget.c:4046:5:cosem_getAccount	56	static
../Drivers/Application_Drivers/Dlms_Interface/Srcs/gxget.c:4234:5:compactData_getValues2	88	static
../Drivers/Application_Drivers/Dlms_Interface/Srcs/gxget.c:4271:5:compactData_getValues	40	static
../Drivers/Application_Drivers/Dlms_Interface/Srcs/gxget.c:4280:5:cosem_getCompactData	32	static
../Drivers/Application_Drivers/Dlms_Interface/Srcs/gxget.c:4312:5:cosem_getValue	24	static
../Drivers/Application_Drivers/Dlms_Interface/Srcs/gxget.c:4828:5:cosem_getGsmDiagnostic	48	static
../Drivers/Application_Drivers/Dlms_Interface/Srcs/gxget.c:4947:5:cosem_getParameterMonitor	48	static
../Drivers/Application_Drivers/Dlms_Interface/Srcs/gxget.c:5060:5:cosem_getLlcSscsSetup	24	static
../Drivers/Application_Drivers/Dlms_Interface/Srcs/gxget.c:5081:5:cosem_getPrimeNbOfdmPlcPhysicalLayerCounters	24	static
../Drivers/Application_Drivers/Dlms_Interface/Srcs/gxget.c:5109:5:cosem_getPrimeNbOfdmPlcMacSetup	24	static
../Drivers/Application_Drivers/Dlms_Interface/Srcs/gxget.c:5145:5:cosem_getPrimeNbOfdmPlcMacFunctionalParameters	24	static
../Drivers/Application_Drivers/Dlms_Interface/Srcs/gxget.c:5201:5:cosem_getPrimeNbOfdmPlcMacCounters	24	static
../Drivers/Application_Drivers/Dlms_Interface/Srcs/gxget.c:5236:5:cosem_getMulticastEntries	48	static
../Drivers/Application_Drivers/Dlms_Interface/Srcs/gxget.c:5273:5:cosem_getSwitchTable	48	static
../Drivers/Application_Drivers/Dlms_Interface/Srcs/gxget.c:5304:5:cosem_getDirectTable	48	static
../Drivers/Application_Drivers/Dlms_Interface/Srcs/gxget.c:5343:5:cosem_getAvailableSwitches	48	static
../Drivers/Application_Drivers/Dlms_Interface/Srcs/gxget.c:5380:5:cosem_getCommunications	48	static
../Drivers/Application_Drivers/Dlms_Interface/Srcs/gxget.c:5421:6:cosem_getPrimeNbOfdmPlcMacNetworkAdministrationData	24	static
../Drivers/Application_Drivers/Dlms_Interface/Srcs/gxget.c:5450:6:cosem_getPrimeNbOfdmPlcApplicationsIdentification	24	static
../Drivers/Application_Drivers/Dlms_Interface/Srcs/gxget.c:5476:5:cosem_getArbitrator	64	static
../Drivers/Application_Drivers/Dlms_Interface/Srcs/gxget.c:5614:5:cosem_getIec8802LlcType1Setup	32	static
../Drivers/Application_Drivers/Dlms_Interface/Srcs/gxget.c:5632:5:cosem_getIec8802LlcType2Setup	32	static
../Drivers/Application_Drivers/Dlms_Interface/Srcs/gxget.c:5673:5:cosem_getIec8802LlcType3Setup	32	static
../Drivers/Application_Drivers/Dlms_Interface/Srcs/gxget.c:5704:5:cosem_getSFSKActiveInitiator	32	static
../Drivers/Application_Drivers/Dlms_Interface/Srcs/gxget.c:5727:5:cosem_getFSKMacCounters	48	static
../Drivers/Application_Drivers/Dlms_Interface/Srcs/gxget.c:5824:5:cosem_getSFSKMacSynchronizationTimeouts	32	static
../Drivers/Application_Drivers/Dlms_Interface/Srcs/gxget.c:5851:5:cosem_getSFSKPhyMacSetUp	48	static
../Drivers/Application_Drivers/Dlms_Interface/Srcs/gxget.c:5939:5:cosem_getSFSKReportingSystemList	48	static
