../Drivers/Application_Drivers/Dlms_Interface/Srcs/gxobjects.c:49:22:obj_getLogicalName	16	static
../Drivers/Application_Drivers/Dlms_Interface/Srcs/gxobjects.c:61:11:co_init	24	static
../Drivers/Application_Drivers/Dlms_Interface/Srcs/gxobjects.c:72:5:obj_clearProfileGenericBuffer	32	static
../Drivers/Application_Drivers/Dlms_Interface/Srcs/gxobjects.c:94:5:obj_clearPushObjectList	32	static
../Drivers/Application_Drivers/Dlms_Interface/Srcs/gxobjects.c:118:5:obj_clearCreditChargeConfigurations	32	static
../Drivers/Application_Drivers/Dlms_Interface/Srcs/gxobjects.c:141:5:obj_clearTokenGatewayConfigurations	32	static
../Drivers/Application_Drivers/Dlms_Interface/Srcs/gxobjects.c:163:5:obj_clearSapList	32	static
../Drivers/Application_Drivers/Dlms_Interface/Srcs/gxobjects.c:185:5:obj_clearProfileGenericCaptureObjects	32	static
../Drivers/Application_Drivers/Dlms_Interface/Srcs/gxobjects.c:208:5:obj_clearSeasonProfile	32	static
../Drivers/Application_Drivers/Dlms_Interface/Srcs/gxobjects.c:229:5:obj_clearWeekProfileTable	32	static
../Drivers/Application_Drivers/Dlms_Interface/Srcs/gxobjects.c:249:5:obj_clearDayProfileTable	40	static
../Drivers/Application_Drivers/Dlms_Interface/Srcs/gxobjects.c:281:5:obj_clearRegisterMonitorActions	16	static
../Drivers/Application_Drivers/Dlms_Interface/Srcs/gxobjects.c:288:5:obj_clearModemConfigurationInitialisationStrings	32	static
../Drivers/Application_Drivers/Dlms_Interface/Srcs/gxobjects.c:311:5:obj_clearScheduleEntries	32	static
../Drivers/Application_Drivers/Dlms_Interface/Srcs/gxobjects.c:331:5:obj_clearByteBufferList	32	static
../Drivers/Application_Drivers/Dlms_Interface/Srcs/gxobjects.c:354:5:obj_clearScriptTable	40	static
../Drivers/Application_Drivers/Dlms_Interface/Srcs/gxobjects.c:386:5:obj_clearChargeTables	32	static
../Drivers/Application_Drivers/Dlms_Interface/Srcs/gxobjects.c:408:5:obj_clearRegisterActivationAssignment	16	static
../Drivers/Application_Drivers/Dlms_Interface/Srcs/gxobjects.c:421:5:obj_clearRegisterActivationMaskList	32	static
../Drivers/Application_Drivers/Dlms_Interface/Srcs/gxobjects.c:462:5:obj_clearIP4SetupOptions	32	static
../Drivers/Application_Drivers/Dlms_Interface/Srcs/gxobjects.c:484:5:obj_clearPPPSetupIPCPOptions	32	static
../Drivers/Application_Drivers/Dlms_Interface/Srcs/gxobjects.c:504:5:obj_clearPPPSetupLCPOptions	32	static
../Drivers/Application_Drivers/Dlms_Interface/Srcs/gxobjects.c:525:5:obj_clearActiveDevices	32	static
../Drivers/Application_Drivers/Dlms_Interface/Srcs/gxobjects.c:546:5:obj_clearUserList	32	static
../Drivers/Application_Drivers/Dlms_Interface/Srcs/gxobjects.c:566:5:obj_clearBitArrayList	32	static
../Drivers/Application_Drivers/Dlms_Interface/Srcs/gxobjects.c:587:5:obj_clearVariantList	32	static
../Drivers/Application_Drivers/Dlms_Interface/Srcs/gxobjects.c:610:5:obj_clearAvailableSwitches	32	static
../Drivers/Application_Drivers/Dlms_Interface/Srcs/gxobjects.c:633:5:obj_clearCertificateInfo	40	static
../Drivers/Application_Drivers/Dlms_Interface/Srcs/gxobjects.c:656:6:obj_clear	32	static
../Drivers/Application_Drivers/Dlms_Interface/Srcs/gxobjects.c:1202:15:obj_attributeCount	24	static
../Drivers/Application_Drivers/Dlms_Interface/Srcs/gxobjects.c:1495:5:obj_getAttributeIndexToRead	40	static
../Drivers/Application_Drivers/Dlms_Interface/Srcs/gxobjects.c:1609:15:obj_methodCount	24	static
../Drivers/Application_Drivers/Dlms_Interface/Srcs/gxobjects.c:1884:6:init_ProtectionParameter	16	static
../Drivers/Application_Drivers/Dlms_Interface/Srcs/gxobjects.c:1898:6:clear_ProtectionParameter	16	static
../Drivers/Application_Drivers/Dlms_Interface/Srcs/gxobjects.c:1915:5:obj_clearParametersList	32	static
../Drivers/Application_Drivers/Dlms_Interface/Srcs/gxobjects.c:1939:6:clock_updateDST	16	static
../Drivers/Application_Drivers/Dlms_Interface/Srcs/gxobjects.c:1953:5:clock_utcToMeterTime	16	static
