../Drivers/Application_Drivers/Dlms_Interface/Srcs/gxserializer.c:58:15:ser_isEof	24	static
../Drivers/Application_Drivers/Dlms_Interface/Srcs/gxserializer.c:67:5:ser_loadUInt8	24	static
../Drivers/Application_Drivers/Dlms_Interface/Srcs/gxserializer.c:81:5:ser_loadUInt16	24	static
../Drivers/Application_Drivers/Dlms_Interface/Srcs/gxserializer.c:95:5:ser_loadUInt32	24	static
../Drivers/Application_Drivers/Dlms_Interface/Srcs/gxserializer.c:109:5:ser_loadUInt64	24	static
../Drivers/Application_Drivers/Dlms_Interface/Srcs/gxserializer.c:123:5:ser_loadInt8	16	static
../Drivers/Application_Drivers/Dlms_Interface/Srcs/gxserializer.c:128:5:ser_loadInt16	16	static
../Drivers/Application_Drivers/Dlms_Interface/Srcs/gxserializer.c:133:5:ser_loadInt32	16	static
../Drivers/Application_Drivers/Dlms_Interface/Srcs/gxserializer.c:138:5:ser_loadInt64	16	static
../Drivers/Application_Drivers/Dlms_Interface/Srcs/gxserializer.c:143:5:ser_seek	16	static
../Drivers/Application_Drivers/Dlms_Interface/Srcs/gxserializer.c:169:5:ser_save	32	static
../Drivers/Application_Drivers/Dlms_Interface/Srcs/gxserializer.c:199:5:ser_saveUInt8	16	static
../Drivers/Application_Drivers/Dlms_Interface/Srcs/gxserializer.c:216:5:ser_set	40	static
../Drivers/Application_Drivers/Dlms_Interface/Srcs/gxserializer.c:273:5:ser_get	32	static
../Drivers/Application_Drivers/Dlms_Interface/Srcs/gxserializer.c:323:5:ser_set2	32	static
../Drivers/Application_Drivers/Dlms_Interface/Srcs/gxserializer.c:376:5:ser_loadObjectCount	40	static
../Drivers/Application_Drivers/Dlms_Interface/Srcs/gxserializer.c:422:5:ser_checkArray2	32	static
../Drivers/Application_Drivers/Dlms_Interface/Srcs/gxserializer.c:454:5:ser_loadDateTime	80	static
../Drivers/Application_Drivers/Dlms_Interface/Srcs/gxserializer.c:503:5:ser_loadVariantArray	32	static
../Drivers/Application_Drivers/Dlms_Interface/Srcs/gxserializer.c:545:5:ser_loadOctetString	24	static
../Drivers/Application_Drivers/Dlms_Interface/Srcs/gxserializer.c:578:5:ser_loadOctetString2	32	static
../Drivers/Application_Drivers/Dlms_Interface/Srcs/gxserializer.c:611:5:ser_loadOctetString3	32	static
../Drivers/Application_Drivers/Dlms_Interface/Srcs/gxserializer.c:642:5:ser_getOctetString2	40	static
../Drivers/Application_Drivers/Dlms_Interface/Srcs/gxserializer.c:656:5:ser_getOctetString	24	static
../Drivers/Application_Drivers/Dlms_Interface/Srcs/gxserializer.c:687:5:ser_loadFloat	32	static
../Drivers/Application_Drivers/Dlms_Interface/Srcs/gxserializer.c:710:5:ser_loadDouble	40	static
../Drivers/Application_Drivers/Dlms_Interface/Srcs/gxserializer.c:737:5:ser_loadBitString	32	static
../Drivers/Application_Drivers/Dlms_Interface/Srcs/gxserializer.c:776:5:ser_getVariantArrayItem	24	static
../Drivers/Application_Drivers/Dlms_Interface/Srcs/gxserializer.c:796:5:ser_loadVariant	40	static
../Drivers/Application_Drivers/Dlms_Interface/Srcs/gxserializer.c:980:5:ser_saveUInt16	16	static
../Drivers/Application_Drivers/Dlms_Interface/Srcs/gxserializer.c:993:5:ser_saveUInt32	16	static
../Drivers/Application_Drivers/Dlms_Interface/Srcs/gxserializer.c:1006:5:ser_saveUInt64	24	static
../Drivers/Application_Drivers/Dlms_Interface/Srcs/gxserializer.c:1019:5:ser_saveInt8	16	static
../Drivers/Application_Drivers/Dlms_Interface/Srcs/gxserializer.c:1026:5:ser_saveInt16	16	static
../Drivers/Application_Drivers/Dlms_Interface/Srcs/gxserializer.c:1033:5:ser_saveInt32	16	static
../Drivers/Application_Drivers/Dlms_Interface/Srcs/gxserializer.c:1040:5:ser_saveInt64	24	static
../Drivers/Application_Drivers/Dlms_Interface/Srcs/gxserializer.c:1048:5:ser_saveDateTime2	56	static
../Drivers/Application_Drivers/Dlms_Interface/Srcs/gxserializer.c:1068:5:ser_saveDate	48	static
../Drivers/Application_Drivers/Dlms_Interface/Srcs/gxserializer.c:1088:5:ser_saveTime	48	static
../Drivers/Application_Drivers/Dlms_Interface/Srcs/gxserializer.c:1110:5:ser_saveFloat	32	static
../Drivers/Application_Drivers/Dlms_Interface/Srcs/gxserializer.c:1133:5:ser_saveDouble	48	static
../Drivers/Application_Drivers/Dlms_Interface/Srcs/gxserializer.c:1161:5:ser_saveObjectCount	24	static
../Drivers/Application_Drivers/Dlms_Interface/Srcs/gxserializer.c:1196:5:ser_setOctetString2	32	static
../Drivers/Application_Drivers/Dlms_Interface/Srcs/gxserializer.c:1224:5:ser_saveBytes3	48	static
../Drivers/Application_Drivers/Dlms_Interface/Srcs/gxserializer.c:1449:5:ser_saveBytes	16	static
../Drivers/Application_Drivers/Dlms_Interface/Srcs/gxserializer.c:1456:15:isAttributeSet	16	static
../Drivers/Application_Drivers/Dlms_Interface/Srcs/gxserializer.c:1465:10:ser_getIgnoredAttributes	24	static
../Drivers/Application_Drivers/Dlms_Interface/Srcs/gxserializer.c:1483:5:ser_saveDateTime	24	static
../Drivers/Application_Drivers/Dlms_Interface/Srcs/gxserializer.c:1493:5:ser_saveOctetString	32	static
../Drivers/Application_Drivers/Dlms_Interface/Srcs/gxserializer.c:1513:5:ser_saveOctetString3	32	static
../Drivers/Application_Drivers/Dlms_Interface/Srcs/gxserializer.c:1529:5:ser_saveOctetString2	40	static
../Drivers/Application_Drivers/Dlms_Interface/Srcs/gxserializer.c:1543:5:ser_saveBitString	32	static
../Drivers/Application_Drivers/Dlms_Interface/Srcs/gxserializer.c:1560:5:ser_saveObjectArrayCount	32	static
../Drivers/Application_Drivers/Dlms_Interface/Srcs/gxserializer.c:1578:5:ser_saveVariantArrayCount	32	static
../Drivers/Application_Drivers/Dlms_Interface/Srcs/gxserializer.c:1596:5:ser_saveArrayCount	32	static
../Drivers/Application_Drivers/Dlms_Interface/Srcs/gxserializer.c:1615:5:ser_saveData	16	static
../Drivers/Application_Drivers/Dlms_Interface/Srcs/gxserializer.c:1626:5:ser_saveRegister	32	static
../Drivers/Application_Drivers/Dlms_Interface/Srcs/gxserializer.c:1649:5:ser_saveClock	32	static
../Drivers/Application_Drivers/Dlms_Interface/Srcs/gxserializer.c:1669:5:ser_saveScriptTable	56	static
../Drivers/Application_Drivers/Dlms_Interface/Srcs/gxserializer.c:1770:5:ser_saveSpecialDaysTable	40	static
../Drivers/Application_Drivers/Dlms_Interface/Srcs/gxserializer.c:1837:5:ser_saveMBusMasterPortSetup	32	static
../Drivers/Application_Drivers/Dlms_Interface/Srcs/gxserializer.c:1850:5:saveTimeWindow	40	static
../Drivers/Application_Drivers/Dlms_Interface/Srcs/gxserializer.c:1886:5:saveObjectsInternal	40	static
../Drivers/Application_Drivers/Dlms_Interface/Srcs/gxserializer.c:1942:5:ser_savePushSetup	32	static
../Drivers/Application_Drivers/Dlms_Interface/Srcs/gxserializer.c:1963:5:ser_saveAutoConnect	48	static
../Drivers/Application_Drivers/Dlms_Interface/Srcs/gxserializer.c:2014:5:ser_saveSeasonProfile	40	static
../Drivers/Application_Drivers/Dlms_Interface/Srcs/gxserializer.c:2054:5:ser_saveweekProfile	40	static
../Drivers/Application_Drivers/Dlms_Interface/Srcs/gxserializer.c:2094:5:ser_saveDayProfile	48	static
../Drivers/Application_Drivers/Dlms_Interface/Srcs/gxserializer.c:2153:5:ser_saveActivityCalendar	32	static
../Drivers/Application_Drivers/Dlms_Interface/Srcs/gxserializer.c:2175:5:ser_saveSecuritySetup	32	static
../Drivers/Application_Drivers/Dlms_Interface/Srcs/gxserializer.c:2192:5:ser_saveHdlcSetup	32	static
../Drivers/Application_Drivers/Dlms_Interface/Srcs/gxserializer.c:2213:5:ser_saveLocalPortSetup	32	static
../Drivers/Application_Drivers/Dlms_Interface/Srcs/gxserializer.c:2235:5:ser_saveIecTwistedPairSetup	32	static
../Drivers/Application_Drivers/Dlms_Interface/Srcs/gxserializer.c:2252:5:ser_saveDemandRegister	32	static
../Drivers/Application_Drivers/Dlms_Interface/Srcs/gxserializer.c:2273:5:ser_saveRegisterActivation	48	static
../Drivers/Application_Drivers/Dlms_Interface/Srcs/gxserializer.c:2370:5:ser_saveActionItem	24	static
../Drivers/Application_Drivers/Dlms_Interface/Srcs/gxserializer.c:2390:5:ser_saveRegisterMonitor	48	static
../Drivers/Application_Drivers/Dlms_Interface/Srcs/gxserializer.c:2479:5:ser_saveActionSchedule	40	static
../Drivers/Application_Drivers/Dlms_Interface/Srcs/gxserializer.c:2541:5:ser_saveSapAssignment	40	static
../Drivers/Application_Drivers/Dlms_Interface/Srcs/gxserializer.c:2582:5:ser_saveAutoAnswer	32	static
../Drivers/Application_Drivers/Dlms_Interface/Srcs/gxserializer.c:2602:5:ser_saveIp4Setup	48	static
../Drivers/Application_Drivers/Dlms_Interface/Srcs/gxserializer.c:2821:5:ser_saveUtilityTables	32	static
../Drivers/Application_Drivers/Dlms_Interface/Srcs/gxserializer.c:2836:5:ser_saveMbusSlavePortSetup	32	static
../Drivers/Application_Drivers/Dlms_Interface/Srcs/gxserializer.c:2852:5:ser_saveImageTransfer	40	static
../Drivers/Application_Drivers/Dlms_Interface/Srcs/gxserializer.c:2906:5:ser_saveDisconnectControl	32	static
../Drivers/Application_Drivers/Dlms_Interface/Srcs/gxserializer.c:2921:5:ser_saveLimiter	40	static
../Drivers/Application_Drivers/Dlms_Interface/Srcs/gxserializer.c:3000:5:ser_saveMBusClient	32	static
../Drivers/Application_Drivers/Dlms_Interface/Srcs/gxserializer.c:3032:5:ser_saveModemConfiguration	48	static
../Drivers/Application_Drivers/Dlms_Interface/Srcs/gxserializer.c:3104:5:ser_saveMacAddressSetup	32	static
../Drivers/Application_Drivers/Dlms_Interface/Srcs/gxserializer.c:3119:5:ser_saveQualityOfService	24	static
../Drivers/Application_Drivers/Dlms_Interface/Srcs/gxserializer.c:3135:5:ser_saveGPRSSetup	32	static
../Drivers/Application_Drivers/Dlms_Interface/Srcs/gxserializer.c:3157:5:ser_saveExtendedRegister	32	static
../Drivers/Application_Drivers/Dlms_Interface/Srcs/gxserializer.c:3187:5:ser_saveApplicationContextName	24	static
../Drivers/Application_Drivers/Dlms_Interface/Srcs/gxserializer.c:3209:5:ser_savexDLMSContextType	24	static
../Drivers/Application_Drivers/Dlms_Interface/Srcs/gxserializer.c:3223:5:ser_saveAuthenticationMechanismName	24	static
../Drivers/Application_Drivers/Dlms_Interface/Srcs/gxserializer.c:3241:5:ser_saveAssociationLogicalName	48	static
../Drivers/Application_Drivers/Dlms_Interface/Srcs/gxserializer.c:3351:5:ser_saveAssociationShortName	48	static
../Drivers/Application_Drivers/Dlms_Interface/Srcs/gxserializer.c:3445:5:ser_savePppSetup	32	static
../Drivers/Application_Drivers/Dlms_Interface/Srcs/gxserializer.c:3478:5:ser_saveProfileGeneric	32	static
../Drivers/Application_Drivers/Dlms_Interface/Srcs/gxserializer.c:3501:5:ser_saveAccount	32	static
../Drivers/Application_Drivers/Dlms_Interface/Srcs/gxserializer.c:3535:5:ser_saveCredit	32	static
../Drivers/Application_Drivers/Dlms_Interface/Srcs/gxserializer.c:3559:5:ser_saveUnitCharge	40	static
../Drivers/Application_Drivers/Dlms_Interface/Srcs/gxserializer.c:3619:5:ser_saveCharge	32	static
../Drivers/Application_Drivers/Dlms_Interface/Srcs/gxserializer.c:3643:5:ser_saveTokenGateway	16	static
../Drivers/Application_Drivers/Dlms_Interface/Srcs/gxserializer.c:3651:5:ser_saveGsmDiagnostic	40	static
../Drivers/Application_Drivers/Dlms_Interface/Srcs/gxserializer.c:3717:5:ser_saveCompactData	32	static
../Drivers/Application_Drivers/Dlms_Interface/Srcs/gxserializer.c:3736:5:ser_saveLlcSscsSetup	32	static
../Drivers/Application_Drivers/Dlms_Interface/Srcs/gxserializer.c:3750:5:ser_savePrimeNbOfdmPlcPhysicalLayerCounters	16	static
../Drivers/Application_Drivers/Dlms_Interface/Srcs/gxserializer.c:3758:5:ser_savePrimeNbOfdmPlcMacSetup	16	static
../Drivers/Application_Drivers/Dlms_Interface/Srcs/gxserializer.c:3766:5:ser_savePrimeNbOfdmPlcMacFunctionalParameters	16	static
../Drivers/Application_Drivers/Dlms_Interface/Srcs/gxserializer.c:3774:5:ser_savePrimeNbOfdmPlcMacCounters	16	static
../Drivers/Application_Drivers/Dlms_Interface/Srcs/gxserializer.c:3782:5:ser_savePrimeNbOfdmPlcMacNetworkAdministrationData	16	static
../Drivers/Application_Drivers/Dlms_Interface/Srcs/gxserializer.c:3790:5:ser_savePrimeNbOfdmPlcApplicationsIdentification	16	static
../Drivers/Application_Drivers/Dlms_Interface/Srcs/gxserializer.c:3798:5:ser_saveArbitrator	16	static
../Drivers/Application_Drivers/Dlms_Interface/Srcs/gxserializer.c:3806:5:ser_saveIec8802LlcType1Setup	16	static
../Drivers/Application_Drivers/Dlms_Interface/Srcs/gxserializer.c:3814:5:ser_saveIec8802LlcType2Setup	16	static
../Drivers/Application_Drivers/Dlms_Interface/Srcs/gxserializer.c:3822:5:ser_saveIec8802LlcType3Setup	16	static
../Drivers/Application_Drivers/Dlms_Interface/Srcs/gxserializer.c:3830:5:ser_saveSFSKActiveInitiator	16	static
../Drivers/Application_Drivers/Dlms_Interface/Srcs/gxserializer.c:3838:5:ser_saveFSKMacCounters	16	static
../Drivers/Application_Drivers/Dlms_Interface/Srcs/gxserializer.c:3846:5:ser_saveSFSKMacSynchronizationTimeouts	16	static
../Drivers/Application_Drivers/Dlms_Interface/Srcs/gxserializer.c:3854:5:ser_saveSFSKPhyMacSetUp	16	static
../Drivers/Application_Drivers/Dlms_Interface/Srcs/gxserializer.c:3862:5:ser_saveSFSKReportingSystemList	16	static
../Drivers/Application_Drivers/Dlms_Interface/Srcs/gxserializer.c:3870:5:ser_saveSchedule	16	static
../Drivers/Application_Drivers/Dlms_Interface/Srcs/gxserializer.c:3893:6:ser_init	16	static
../Drivers/Application_Drivers/Dlms_Interface/Srcs/gxserializer.c:3898:5:ser_saveObject	24	static
../Drivers/Application_Drivers/Dlms_Interface/Srcs/gxserializer.c:4278:6:ResetPosition	16	static
../Drivers/Application_Drivers/Dlms_Interface/Srcs/gxserializer.c:4295:5:ser_saveObjects	56	static
../Drivers/Application_Drivers/Dlms_Interface/Srcs/gxserializer.c:4385:5:ser_saveObjects2	56	static
../Drivers/Application_Drivers/Dlms_Interface/Srcs/gxserializer.c:4484:5:ser_getArrayItem	32	static
../Drivers/Application_Drivers/Dlms_Interface/Srcs/gxserializer.c:4499:5:ser_loadArray	32	static
../Drivers/Application_Drivers/Dlms_Interface/Srcs/gxserializer.c:4519:5:ser_verifyObjectArray	32	static
../Drivers/Application_Drivers/Dlms_Interface/Srcs/gxserializer.c:4537:5:ser_loadData	32	static
../Drivers/Application_Drivers/Dlms_Interface/Srcs/gxserializer.c:4549:5:ser_loadRegister	32	static
../Drivers/Application_Drivers/Dlms_Interface/Srcs/gxserializer.c:4568:5:ser_loadClock	32	static
../Drivers/Application_Drivers/Dlms_Interface/Srcs/gxserializer.c:4589:5:ser_loadScriptTable	72	static
../Drivers/Application_Drivers/Dlms_Interface/Srcs/gxserializer.c:4676:5:ser_loadSpecialDaysTable	48	static
../Drivers/Application_Drivers/Dlms_Interface/Srcs/gxserializer.c:4753:5:ser_loadMBusMasterPortSetup	32	static
../Drivers/Application_Drivers/Dlms_Interface/Srcs/gxserializer.c:4766:5:ser_loadObjectsInternal	64	static
../Drivers/Application_Drivers/Dlms_Interface/Srcs/gxserializer.c:4834:5:loadTimeWindow	40	static
../Drivers/Application_Drivers/Dlms_Interface/Srcs/gxserializer.c:4884:5:ser_loadPushSetup	40	static
../Drivers/Application_Drivers/Dlms_Interface/Srcs/gxserializer.c:4917:5:ser_loadAutoConnect	48	static
../Drivers/Application_Drivers/Dlms_Interface/Srcs/gxserializer.c:4989:5:ser_loadSeasonProfile	32	static
../Drivers/Application_Drivers/Dlms_Interface/Srcs/gxserializer.c:5025:5:ser_loadweekProfile	32	static
../Drivers/Application_Drivers/Dlms_Interface/Srcs/gxserializer.c:5067:5:ser_loadDayProfile	64	static
../Drivers/Application_Drivers/Dlms_Interface/Srcs/gxserializer.c:5136:5:ser_loadActivityCalendar	40	static
../Drivers/Application_Drivers/Dlms_Interface/Srcs/gxserializer.c:5159:5:ser_loadSecuritySetup	32	static
../Drivers/Application_Drivers/Dlms_Interface/Srcs/gxserializer.c:5198:5:ser_loadHdlcSetup	32	static
../Drivers/Application_Drivers/Dlms_Interface/Srcs/gxserializer.c:5219:5:ser_loadLocalPortSetup	32	static
../Drivers/Application_Drivers/Dlms_Interface/Srcs/gxserializer.c:5269:5:ser_loadIecTwistedPairSetup	32	static
../Drivers/Application_Drivers/Dlms_Interface/Srcs/gxserializer.c:5287:5:ser_loadDemandRegister	32	static
../Drivers/Application_Drivers/Dlms_Interface/Srcs/gxserializer.c:5308:5:ser_loadRegisterActivation	72	static
../Drivers/Application_Drivers/Dlms_Interface/Srcs/gxserializer.c:5444:5:ser_loadActionItem	48	static
../Drivers/Application_Drivers/Dlms_Interface/Srcs/gxserializer.c:5474:5:ser_loadRegisterMonitor	80	static
../Drivers/Application_Drivers/Dlms_Interface/Srcs/gxserializer.c:5561:5:ser_loadActionSchedule	56	static
../Drivers/Application_Drivers/Dlms_Interface/Srcs/gxserializer.c:5621:5:ser_loadSapAssignment	48	static
../Drivers/Application_Drivers/Dlms_Interface/Srcs/gxserializer.c:5661:5:ser_loadAutoAnswer	32	static
../Drivers/Application_Drivers/Dlms_Interface/Srcs/gxserializer.c:5699:5:ser_loadIp4Setup	56	static
../Drivers/Application_Drivers/Dlms_Interface/Srcs/gxserializer.c:5965:5:ser_loadUtilityTables	32	static
../Drivers/Application_Drivers/Dlms_Interface/Srcs/gxserializer.c:5980:5:ser_loadMbusSlavePortSetup	32	static
../Drivers/Application_Drivers/Dlms_Interface/Srcs/gxserializer.c:5996:5:ser_loadImageTransfer	40	static
../Drivers/Application_Drivers/Dlms_Interface/Srcs/gxserializer.c:6044:5:ser_loadDisconnectControl	32	static
../Drivers/Application_Drivers/Dlms_Interface/Srcs/gxserializer.c:6073:5:ser_loadLimiter	56	static
../Drivers/Application_Drivers/Dlms_Interface/Srcs/gxserializer.c:6174:5:ser_loadMBusClient	48	static
../Drivers/Application_Drivers/Dlms_Interface/Srcs/gxserializer.c:6228:5:ser_loadModemConfiguration	56	static
../Drivers/Application_Drivers/Dlms_Interface/Srcs/gxserializer.c:6317:5:ser_loadMacAddressSetup	32	static
../Drivers/Application_Drivers/Dlms_Interface/Srcs/gxserializer.c:6334:5:ser_loadQualityOfService	24	static
../Drivers/Application_Drivers/Dlms_Interface/Srcs/gxserializer.c:6350:5:ser_loadGPRSSetup	32	static
../Drivers/Application_Drivers/Dlms_Interface/Srcs/gxserializer.c:6372:5:ser_loadExtendedRegister	32	static
../Drivers/Application_Drivers/Dlms_Interface/Srcs/gxserializer.c:6398:5:ser_loadApplicationContextName	24	static
../Drivers/Application_Drivers/Dlms_Interface/Srcs/gxserializer.c:6421:5:ser_loadxDLMSContextType	24	static
../Drivers/Application_Drivers/Dlms_Interface/Srcs/gxserializer.c:6435:5:ser_loadAuthenticationMechanismName	32	static
../Drivers/Application_Drivers/Dlms_Interface/Srcs/gxserializer.c:6452:5:ser_loadAssociationLogicalName	88	static
../Drivers/Application_Drivers/Dlms_Interface/Srcs/gxserializer.c:6612:5:ser_loadAssociationShortName	88	static
../Drivers/Application_Drivers/Dlms_Interface/Srcs/gxserializer.c:6762:5:ser_loadPppSetup	48	static
../Drivers/Application_Drivers/Dlms_Interface/Srcs/gxserializer.c:6807:5:ser_loadProfileGeneric	48	static
../Drivers/Application_Drivers/Dlms_Interface/Srcs/gxserializer.c:6841:5:ser_loadAccount	32	static
../Drivers/Application_Drivers/Dlms_Interface/Srcs/gxserializer.c:6883:5:ser_loadCredit	32	static
../Drivers/Application_Drivers/Dlms_Interface/Srcs/gxserializer.c:6941:5:ser_loadUnitCharge	48	static
../Drivers/Application_Drivers/Dlms_Interface/Srcs/gxserializer.c:6996:5:ser_loadCharge	40	static
../Drivers/Application_Drivers/Dlms_Interface/Srcs/gxserializer.c:7062:5:ser_loadTokenGateway	16	static
../Drivers/Application_Drivers/Dlms_Interface/Srcs/gxserializer.c:7070:5:ser_loadGsmDiagnostic	48	static
../Drivers/Application_Drivers/Dlms_Interface/Srcs/gxserializer.c:7128:5:ser_loadCompactData	40	static
../Drivers/Application_Drivers/Dlms_Interface/Srcs/gxserializer.c:7148:5:ser_loadLlcSscsSetup	32	static
../Drivers/Application_Drivers/Dlms_Interface/Srcs/gxserializer.c:7162:5:ser_loadPrimeNbOfdmPlcPhysicalLayerCounters	16	static
../Drivers/Application_Drivers/Dlms_Interface/Srcs/gxserializer.c:7170:5:ser_loadPrimeNbOfdmPlcMacSetup	16	static
../Drivers/Application_Drivers/Dlms_Interface/Srcs/gxserializer.c:7178:5:ser_loadPrimeNbOfdmPlcMacFunctionalParameters	16	static
../Drivers/Application_Drivers/Dlms_Interface/Srcs/gxserializer.c:7186:5:ser_loadPrimeNbOfdmPlcMacCounters	16	static
../Drivers/Application_Drivers/Dlms_Interface/Srcs/gxserializer.c:7194:6:ser_loadPrimeNbOfdmPlcMacNetworkAdministrationData	16	static
../Drivers/Application_Drivers/Dlms_Interface/Srcs/gxserializer.c:7202:6:ser_loadPrimeNbOfdmPlcApplicationsIdentification	16	static
../Drivers/Application_Drivers/Dlms_Interface/Srcs/gxserializer.c:7211:5:ser_loadArbitrator	16	static
../Drivers/Application_Drivers/Dlms_Interface/Srcs/gxserializer.c:7219:5:ser_loadIec8802LlcType1Setup	16	static
../Drivers/Application_Drivers/Dlms_Interface/Srcs/gxserializer.c:7227:5:ser_loadIec8802LlcType2Setup	16	static
../Drivers/Application_Drivers/Dlms_Interface/Srcs/gxserializer.c:7235:5:ser_loadIec8802LlcType3Setup	16	static
../Drivers/Application_Drivers/Dlms_Interface/Srcs/gxserializer.c:7243:5:ser_loadSFSKActiveInitiator	16	static
../Drivers/Application_Drivers/Dlms_Interface/Srcs/gxserializer.c:7251:5:ser_loadFSKMacCounters	16	static
../Drivers/Application_Drivers/Dlms_Interface/Srcs/gxserializer.c:7259:5:ser_loadSFSKMacSynchronizationTimeouts	16	static
../Drivers/Application_Drivers/Dlms_Interface/Srcs/gxserializer.c:7267:5:ser_loadSFSKPhyMacSetUp	16	static
../Drivers/Application_Drivers/Dlms_Interface/Srcs/gxserializer.c:7275:5:ser_loadSFSKReportingSystemList	16	static
../Drivers/Application_Drivers/Dlms_Interface/Srcs/gxserializer.c:7284:5:ser_loadSchedule	16	static
../Drivers/Application_Drivers/Dlms_Interface/Srcs/gxserializer.c:7307:5:ser_loadObject	32	static
../Drivers/Application_Drivers/Dlms_Interface/Srcs/gxserializer.c:7686:5:ser_getDataSize	32	static
../Drivers/Application_Drivers/Dlms_Interface/Srcs/gxserializer.c:7709:5:ser_loadObjects	48	static
../Drivers/Application_Drivers/Dlms_Interface/Srcs/gxserializer.c:7750:5:ser_loadObjects2	48	static
