../Drivers/Application_Drivers/Dlms_Interface/Srcs/helpers.c:53:15:hlp_isBigEndian	16	static
../Drivers/Application_Drivers/Dlms_Interface/Srcs/helpers.c:59:13:hlp_getErrorMessage	24	static
../Drivers/Application_Drivers/Dlms_Interface/Srcs/helpers.c:262:15:hlp_getObjectCountSizeInBytes	16	static
../Drivers/Application_Drivers/Dlms_Interface/Srcs/helpers.c:282:5:hlp_getObjectCount	32	static
../Drivers/Application_Drivers/Dlms_Interface/Srcs/helpers.c:335:5:hlp_getObjectCount2	40	static
../Drivers/Application_Drivers/Dlms_Interface/Srcs/helpers.c:380:5:hlp_setObjectCount	24	static
../Drivers/Application_Drivers/Dlms_Interface/Srcs/helpers.c:412:7:hlp_bytesToHex	56	static
../Drivers/Application_Drivers/Dlms_Interface/Srcs/helpers.c:442:5:hlp_bytesToHex2	64	static
../Drivers/Application_Drivers/Dlms_Interface/Srcs/helpers.c:469:15:hlp_getValue	24	static
../Drivers/Application_Drivers/Dlms_Interface/Srcs/helpers.c:491:5:hlp_hexToBytes	48	static
../Drivers/Application_Drivers/Dlms_Interface/Srcs/helpers.c:553:5:hlp_hexToBytes2	48	static
../Drivers/Application_Drivers/Dlms_Interface/Srcs/helpers.c:605:6:hlp_trace	32	static
../Drivers/Application_Drivers/Dlms_Interface/Srcs/helpers.c:619:5:hlp_parseLogicalName	40	static
../Drivers/Application_Drivers/Dlms_Interface/Srcs/helpers.c:667:5:hlp_setLogicalName2	32	static
../Drivers/Application_Drivers/Dlms_Interface/Srcs/helpers.c:680:5:hlp_printLogicalName	48	static
../Drivers/Application_Drivers/Dlms_Interface/Srcs/helpers.c:699:5:hlp_appendLogicalName	48	static
../Drivers/Application_Drivers/Dlms_Interface/Srcs/helpers.c:713:5:hlp_getLogicalNameToString	32	static
../Drivers/Application_Drivers/Dlms_Interface/Srcs/helpers.c:773:5:hlp_setLogicalName	40	static
../Drivers/Application_Drivers/Dlms_Interface/Srcs/helpers.c:823:6:hlp_replace	24	static
../Drivers/Application_Drivers/Dlms_Interface/Srcs/helpers.c:835:8:hlp_getScaler	24	static
../Drivers/Application_Drivers/Dlms_Interface/Srcs/helpers.c:860:5:hlp_getDataTypeSize	24	static
../Drivers/Application_Drivers/Dlms_Interface/Srcs/helpers.c:924:5:hlp_intToString	32	static
../Drivers/Application_Drivers/Dlms_Interface/Srcs/helpers.c:986:5:hlp_uint64ToString	40	static
../Drivers/Application_Drivers/Dlms_Interface/Srcs/helpers.c:1034:9:hlp_stringToInt	24	static
../Drivers/Application_Drivers/Dlms_Interface/Srcs/helpers.c:1064:5:hlp_int64ToString	40	static
../Drivers/Application_Drivers/Dlms_Interface/Srcs/helpers.c:1101:9:hlp_stringToInt64	32	static
../Drivers/Application_Drivers/Dlms_Interface/Srcs/helpers.c:1133:15:hlp_rand	8	static
../Drivers/Application_Drivers/Dlms_Interface/Srcs/helpers.c:1139:15:hlp_swapBits	24	static
../Drivers/Application_Drivers/Dlms_Interface/Srcs/helpers.c:1150:5:hlp_add	40	static
